Archive member included to satisfy reference by file (symbol)

c:\Users\Isaiah\Documents\Arduino\Sketches\MMBC_Waterslide_Timer\build/core\core.a(cortex_handlers.c.o)
                              (Reset_Handler)
c:\Users\Isaiah\Documents\Arduino\Sketches\MMBC_Waterslide_Timer\build/core\core.a(delay.c.o)
                              c:\Users\Isaiah\Documents\Arduino\Sketches\MMBC_Waterslide_Timer\build\sketch\MMBC_Waterslide_Timer.ino.cpp.o (millis)
c:\Users\Isaiah\Documents\Arduino\Sketches\MMBC_Waterslide_Timer\build/core\core.a(hooks.c.o)
                              c:\Users\Isaiah\Documents\Arduino\Sketches\MMBC_Waterslide_Timer\build/core\core.a(delay.c.o) (yield)
c:\Users\Isaiah\Documents\Arduino\Sketches\MMBC_Waterslide_Timer\build/core\core.a(startup.c.o)
                              c:\Users\Isaiah\Documents\Arduino\Sketches\MMBC_Waterslide_Timer\build/core\core.a(cortex_handlers.c.o) (SystemInit)
c:\Users\Isaiah\Documents\Arduino\Sketches\MMBC_Waterslide_Timer\build/core\core.a(wiring.c.o)
                              c:\Users\Isaiah\Documents\Arduino\Sketches\MMBC_Waterslide_Timer\build/core\core.a(startup.c.o) (SystemCoreClock)
c:\Users\Isaiah\Documents\Arduino\Sketches\MMBC_Waterslide_Timer\build/core\core.a(wiring_analog.c.o)
                              c:\Users\Isaiah\Documents\Arduino\Sketches\MMBC_Waterslide_Timer\build/core\core.a(wiring.c.o) (analogReference)
c:\Users\Isaiah\Documents\Arduino\Sketches\MMBC_Waterslide_Timer\build/core\core.a(wiring_digital.c.o)
                              c:\Users\Isaiah\Documents\Arduino\Sketches\MMBC_Waterslide_Timer\build\sketch\MMBC_Waterslide_Timer.ino.cpp.o (pinMode)
c:\Users\Isaiah\Documents\Arduino\Sketches\MMBC_Waterslide_Timer\build/core\core.a(wiring_private.c.o)
                              c:\Users\Isaiah\Documents\Arduino\Sketches\MMBC_Waterslide_Timer\build/core\core.a(wiring_analog.c.o) (mapResolution)
c:\Users\Isaiah\Documents\Arduino\Sketches\MMBC_Waterslide_Timer\build/core\core.a(Print.cpp.o)
                              c:\Users\Isaiah\Documents\Arduino\Sketches\MMBC_Waterslide_Timer\build\libraries\Adafruit_GFX_Library\Adafruit_GFX.cpp.o (Print::write(unsigned char const*, unsigned int))
c:\Users\Isaiah\Documents\Arduino\Sketches\MMBC_Waterslide_Timer\build/core\core.a(Reset.cpp.o)
                              c:\Users\Isaiah\Documents\Arduino\Sketches\MMBC_Waterslide_Timer\build/core\core.a(delay.c.o) (tickReset)
c:\Users\Isaiah\Documents\Arduino\Sketches\MMBC_Waterslide_Timer\build/core\core.a(Retarget.cpp.o)
                              (__wrap__write)
c:\Users\Isaiah\Documents\Arduino\Sketches\MMBC_Waterslide_Timer\build/core\core.a(SERCOM.cpp.o)
                              c:\Users\Isaiah\Documents\Arduino\Sketches\MMBC_Waterslide_Timer\build\core\variant.cpp.o (SERCOM::SERCOM(Sercom*))
c:\Users\Isaiah\Documents\Arduino\Sketches\MMBC_Waterslide_Timer\build/core\core.a(CDC.cpp.o)
                              c:\Users\Isaiah\Documents\Arduino\Sketches\MMBC_Waterslide_Timer\build\libraries\Adafruit_ZeroDMA\Adafruit_ZeroDMA.cpp.o (SerialUSB)
c:\Users\Isaiah\Documents\Arduino\Sketches\MMBC_Waterslide_Timer\build/core\core.a(USBCore.cpp.o)
                              c:\Users\Isaiah\Documents\Arduino\Sketches\MMBC_Waterslide_Timer\build/core\core.a(CDC.cpp.o) (USBDeviceClass::clear(unsigned long))
c:\Users\Isaiah\Documents\Arduino\Sketches\MMBC_Waterslide_Timer\build/core\core.a(Uart.cpp.o)
                              c:\Users\Isaiah\Documents\Arduino\Sketches\MMBC_Waterslide_Timer\build\core\variant.cpp.o (Uart::Uart(SERCOM*, unsigned char, unsigned char, SercomRXPad, SercomUartTXPad))
c:\Users\Isaiah\Documents\Arduino\Sketches\MMBC_Waterslide_Timer\build/core\core.a(abi.cpp.o)
                              c:\Users\Isaiah\Documents\Arduino\Sketches\MMBC_Waterslide_Timer\build\libraries\Adafruit_GFX_Library\Adafruit_GFX.cpp.o (__cxa_pure_virtual)
c:\Users\Isaiah\Documents\Arduino\Sketches\MMBC_Waterslide_Timer\build/core\core.a(main.cpp.o)
                              c:/users/isaiah/appdata/local/arduino15/packages/seeeduino/tools/arm-none-eabi-gcc/7-2017q4/bin/../lib/gcc/arm-none-eabi/7.2.1/../../../../arm-none-eabi/lib/thumb/v6-m/crt0.o (main)
c:\Users\Isaiah\Documents\Arduino\Sketches\MMBC_Waterslide_Timer\build/core\core.a(new.cpp.o)
                              c:\Users\Isaiah\Documents\Arduino\Sketches\MMBC_Waterslide_Timer\build/core\core.a(USBCore.cpp.o) (operator new(unsigned int))
c:\Users\Isaiah\Documents\Arduino\Sketches\MMBC_Waterslide_Timer\build/core\core.a(PluggableUSB.cpp.o)
                              c:\Users\Isaiah\Documents\Arduino\Sketches\MMBC_Waterslide_Timer\build/core\core.a(USBCore.cpp.o) (PluggableUSB_::getInterface(unsigned char*))
c:\Users\Isaiah\Documents\Arduino\Sketches\MMBC_Waterslide_Timer\build/core\core.a(SAMD21_USBDevice.cpp.o)
[...]
Memory Configuration

Name             Origin             Length             Attributes
FLASH            0x00002000         0x0003e000         xr
RAM              0x20000000         0x00008000         xrw
*default*        0x00000000         0xffffffff

Linker script and memory map

LOAD c:/users/isaiah/appdata/local/arduino15/packages/seeeduino/tools/arm-none-eabi-gcc/7-2017q4/bin/../lib/gcc/arm-none-eabi/7.2.1/thumb/v6-m/crti.o
LOAD c:/users/isaiah/appdata/local/arduino15/packages/seeeduino/tools/arm-none-eabi-gcc/7-2017q4/bin/../lib/gcc/arm-none-eabi/7.2.1/thumb/v6-m/crtbegin.o
LOAD c:/users/isaiah/appdata/local/arduino15/packages/seeeduino/tools/arm-none-eabi-gcc/7-2017q4/bin/../lib/gcc/arm-none-eabi/7.2.1/../../../../arm-none-eabi/lib/thumb/v6-m/crt0.o
LOAD c:\Users\Isaiah\Documents\Arduino\Sketches\MMBC_Waterslide_Timer\build\sketch\MMBC_Waterslide_Timer.ino.cpp.o
LOAD c:\Users\Isaiah\Documents\Arduino\Sketches\MMBC_Waterslide_Timer\build\libraries\SPI\SPI.cpp.o
LOAD c:\Users\Isaiah\Documents\Arduino\Sketches\MMBC_Waterslide_Timer\build\libraries\Adafruit_ZeroDMA\Adafruit_ZeroDMA.cpp.o
LOAD c:\Users\Isaiah\Documents\Arduino\Sketches\MMBC_Waterslide_Timer\build\libraries\Wire\Wire.cpp.o
LOAD c:\Users\Isaiah\Documents\Arduino\Sketches\MMBC_Waterslide_Timer\build\libraries\Adafruit_GFX_Library\glcdfont.c.o
LOAD c:\Users\Isaiah\Documents\Arduino\Sketches\MMBC_Waterslide_Timer\build\libraries\Adafruit_GFX_Library\Adafruit_GFX.cpp.o
LOAD c:\Users\Isaiah\Documents\Arduino\Sketches\MMBC_Waterslide_Timer\build\libraries\Adafruit_GFX_Library\Adafruit_SPITFT.cpp.o
LOAD c:\Users\Isaiah\Documents\Arduino\Sketches\MMBC_Waterslide_Timer\build\libraries\Adafruit_SSD1306\Adafruit_SSD1306.cpp.o
LOAD c:\Users\Isaiah\Documents\Arduino\Sketches\MMBC_Waterslide_Timer\build\core\variant.cpp.o
START GROUP
LOAD C:\Users\Isaiah\AppData\Local\Arduino15\packages\Seeeduino\tools\CMSIS\5.7.0/CMSIS/DSP/Lib/GCC/\libarm_cortexM0l_math.a
LOAD c:/users/isaiah/appdata/local/arduino15/packages/seeeduino/tools/arm-none-eabi-gcc/7-2017q4/bin/../lib/gcc/arm-none-eabi/7.2.1/../../../../arm-none-eabi/lib/thumb/v6-m\libm.a
LOAD c:\Users\Isaiah\Documents\Arduino\Sketches\MMBC_Waterslide_Timer\build/core\core.a
END GROUP
LOAD c:/users/isaiah/appdata/local/arduino15/packages/seeeduino/tools/arm-none-eabi-gcc/7-2017q4/bin/../lib/gcc/arm-none-eabi/7.2.1/../../../../arm-none-eabi/lib/thumb/v6-m\libstdc++_nano.a
LOAD c:/users/isaiah/appdata/local/arduino15/packages/seeeduino/tools/arm-none-eabi-gcc/7-2017q4/bin/../lib/gcc/arm-none-eabi/7.2.1/../../../../arm-none-eabi/lib/thumb/v6-m\libm.a
START GROUP
LOAD c:/users/isaiah/appdata/local/arduino15/packages/seeeduino/tools/arm-none-eabi-gcc/7-2017q4/bin/../lib/gcc/arm-none-eabi/7.2.1/thumb/v6-m\libgcc.a
LOAD c:/users/isaiah/appdata/local/arduino15/packages/seeeduino/tools/arm-none-eabi-gcc/7-2017q4/bin/../lib/gcc/arm-none-eabi/7.2.1/../../../../arm-none-eabi/lib/thumb/v6-m\libc_nano.a
END GROUP
START GROUP
LOAD c:/users/isaiah/appdata/local/arduino15/packages/seeeduino/tools/arm-none-eabi-gcc/7-2017q4/bin/../lib/gcc/arm-none-eabi/7.2.1/thumb/v6-m\libgcc.a
LOAD c:/users/isaiah/appdata/local/arduino15/packages/seeeduino/tools/arm-none-eabi-gcc/7-2017q4/bin/../lib/gcc/arm-none-eabi/7.2.1/../../../../arm-none-eabi/lib/thumb/v6-m\libc_nano.a
LOAD c:/users/isaiah/appdata/local/arduino15/packages/seeeduino/tools/arm-none-eabi-gcc/7-2017q4/bin/../lib/gcc/arm-none-eabi/7.2.1/../../../../arm-none-eabi/lib/thumb/v6-m\libnosys.a
END GROUP
START GROUP
LOAD c:/users/isaiah/appdata/local/arduino15/packages/seeeduino/tools/arm-none-eabi-gcc/7-2017q4/bin/../lib/gcc/arm-none-eabi/7.2.1/thumb/v6-m\libgcc.a
LOAD c:/users/isaiah/appdata/local/arduino15/packages/seeeduino/tools/arm-none-eabi-gcc/7-2017q4/bin/../lib/gcc/arm-none-eabi/7.2.1/../../../../arm-none-eabi/lib/thumb/v6-m\libc_nano.a
LOAD c:/users/isaiah/appdata/local/arduino15/packages/seeeduino/tools/arm-none-eabi-gcc/7-2017q4/bin/../lib/gcc/arm-none-eabi/7.2.1/../../../../arm-none-eabi/lib/thumb/v6-m\libnosys.a
END GROUP
LOAD c:/users/isaiah/appdata/local/arduino15/packages/seeeduino/tools/arm-none-eabi-gcc/7-2017q4/bin/../lib/gcc/arm-none-eabi/7.2.1/thumb/v6-m/crtend.o
LOAD c:/users/isaiah/appdata/local/arduino15/packages/seeeduino/tools/arm-none-eabi-gcc/7-2017q4/bin/../lib/gcc/arm-none-eabi/7.2.1/thumb/v6-m/crtn.o

.text           0x00002000     0xbf7c
                0x00002000                __text_start__ = .
 *(.isr_vector)
 .isr_vector    0x00002000       0xb4 c:\Users\Isaiah\Documents\Arduino\Sketches\MMBC_Waterslide_Timer\build/core\core.a(cortex_handlers.c.o)
                0x00002000                exception_table
 *(.text*)
 .text          0x000020b4       0x48 c:/users/isaiah/appdata/local/arduino15/packages/seeeduino/tools/arm-none-eabi-gcc/7-2017q4/bin/../lib/gcc/arm-none-eabi/7.2.1/thumb/v6-m/crtbegin.o
 .text.setup    0x000020fc       0xdc c:\Users\Isaiah\Documents\Arduino\Sketches\MMBC_Waterslide_Timer\build\sketch\MMBC_Waterslide_Timer.ino.cpp.o
                0x000020fc                setup
 .text._Z10checkStartv
                0x000021d8       0xa0 c:\Users\Isaiah\Documents\Arduino\Sketches\MMBC_Waterslide_Timer\build\sketch\MMBC_Waterslide_Timer.ino.cpp.o
                0x000021d8                checkStart()
 .text._Z9checkStopv
                0x00002278       0x40 c:\Users\Isaiah\Documents\Arduino\Sketches\MMBC_Waterslide_Timer\build\sketch\MMBC_Waterslide_Timer.ino.cpp.o
                0x00002278                checkStop()
 .text._Z11displayTimev
                0x000022b8      0x1a8 c:\Users\Isaiah\Documents\Arduino\Sketches\MMBC_Waterslide_Timer\build\sketch\MMBC_Waterslide_Timer.ino.cpp.o
                0x000022b8                displayTime()
 .text.loop     0x00002460       0x10 c:\Users\Isaiah\Documents\Arduino\Sketches\MMBC_Waterslide_Timer\build\sketch\MMBC_Waterslide_Timer.ino.cpp.o
                0x00002460                loop
 .text.startup._GLOBAL__sub_I_resetButton
                0x00002470       0x44 c:\Users\Isaiah\Documents\Arduino\Sketches\MMBC_Waterslide_Timer\build\sketch\MMBC_Waterslide_Timer.ino.cpp.o
 .text._ZN8SPIClassC2EP6SERCOMhhh14SercomSpiTXPad11SercomRXPad
                0x000024b4       0x74 c:\Users\Isaiah\Documents\Arduino\Sketches\MMBC_Waterslide_Timer\build\libraries\SPI\SPI.cpp.o
                0x000024b4                SPIClass::SPIClass(SERCOM*, unsigned char, unsigned char, unsigned char, SercomSpiTXPad, SercomRXPad)
                0x000024b4                SPIClass::SPIClass(SERCOM*, unsigned char, unsigned char, unsigned char, SercomSpiTXPad, SercomRXPad)
 .text._ZN8SPIClass4initEv
                0x00002528       0x12 c:\Users\Isaiah\Documents\Arduino\Sketches\MMBC_Waterslide_Timer\build\libraries\SPI\SPI.cpp.o
                0x00002528                SPIClass::init()
 .text._ZN8SPIClass6configE11SPISettings
                0x0000253a       0x36 c:\Users\Isaiah\Documents\Arduino\Sketches\MMBC_Waterslide_Timer\build\libraries\SPI\SPI.cpp.o
                0x0000253a                SPIClass::config(SPISettings)
 .text._ZN8SPIClass5beginEv
                0x00002570       0x50 c:\Users\Isaiah\Documents\Arduino\Sketches\MMBC_Waterslide_Timer\build\libraries\SPI\SPI.cpp.o
                0x00002570                SPIClass::begin()
 .text._ZN8SPIClass16beginTransactionE11SPISettings
                0x000025c0       0x38 c:\Users\Isaiah\Documents\Arduino\Sketches\MMBC_Waterslide_Timer\build\libraries\SPI\SPI.cpp.o
                0x000025c0                SPIClass::beginTransaction(SPISettings)
 .text._ZN8SPIClass14endTransactionEv
                0x000025f8       0x28 c:\Users\Isaiah\Documents\Arduino\Sketches\MMBC_Waterslide_Timer\build\libraries\SPI\SPI.cpp.o
                0x000025f8                SPIClass::endTransaction()
 .text._ZN8SPIClass8transferEh
                0x00002620        0xa c:\Users\Isaiah\Documents\Arduino\Sketches\MMBC_Waterslide_Timer\build\libraries\SPI\SPI.cpp.o
                0x00002620                SPIClass::transfer(unsigned char)
 *fill*         0x0000262a        0x2 
 .text.startup._GLOBAL__sub_I__ZN8SPIClassC2EP6SERCOMhhh14SercomSpiTXPad11SercomRXPad
                0x0000262c       0x38 c:\Users\Isaiah\Documents\Arduino\Sketches\MMBC_Waterslide_Timer\build\libraries\SPI\SPI.cpp.o
 .text._ZL22cpu_irq_enter_criticalv
                0x00002664       0x30 c:\Users\Isaiah\Documents\Arduino\Sketches\MMBC_Waterslide_Timer\build\libraries\Adafruit_ZeroDMA\Adafruit_ZeroDMA.cpp.o
 .text._ZL22cpu_irq_leave_criticalv
                0x00002694       0x2c c:\Users\Isaiah\Documents\Arduino\Sketches\MMBC_Waterslide_Timer\build\libraries\Adafruit_ZeroDMA\Adafruit_ZeroDMA.cpp.o
 .text._ZN16Adafruit_ZeroDMAC2Ev
                0x000026c0       0x22 c:\Users\Isaiah\Documents\Arduino\Sketches\MMBC_Waterslide_Timer\build\libraries\Adafruit_ZeroDMA\Adafruit_ZeroDMA.cpp.o
                0x000026c0                Adafruit_ZeroDMA::Adafruit_ZeroDMA()
                0x000026c0                Adafruit_ZeroDMA::Adafruit_ZeroDMA()
 *fill*         0x000026e2        0x2 
 .text._ZN16Adafruit_ZeroDMA11_IRQhandlerEh
                0x000026e4       0x44 c:\Users\Isaiah\Documents\Arduino\Sketches\MMBC_Waterslide_Timer\build\libraries\Adafruit_ZeroDMA\Adafruit_ZeroDMA.cpp.o
                0x000026e4                Adafruit_ZeroDMA::_IRQhandler(unsigned char)
 .text.DMAC_Handler
                0x00002728       0x48 c:\Users\Isaiah\Documents\Arduino\Sketches\MMBC_Waterslide_Timer\build\libraries\Adafruit_ZeroDMA\Adafruit_ZeroDMA.cpp.o
                0x00002728                DMAC_Handler
 .text._ZN5Print17availableForWriteEv
                0x00002770        0x4 c:\Users\Isaiah\Documents\Arduino\Sketches\MMBC_Waterslide_Timer\build\libraries\Wire\Wire.cpp.o
                0x00002770                Print::availableForWrite()
 .text._ZN7TwoWire5writeEPKhj
                0x00002774       0x24 c:\Users\Isaiah\Documents\Arduino\Sketches\MMBC_Waterslide_Timer\build\libraries\Wire\Wire.cpp.o
                0x00002774                TwoWire::write(unsigned char const*, unsigned int)
 .text._ZN7TwoWire5flushEv
                0x00002798        0x2 c:\Users\Isaiah\Documents\Arduino\Sketches\MMBC_Waterslide_Timer\build\libraries\Wire\Wire.cpp.o
                0x00002798                TwoWire::flush()
 .text._ZN7TwoWire4peekEv
                0x0000279a       0x1a c:\Users\Isaiah\Documents\Arduino\Sketches\MMBC_Waterslide_Timer\build\libraries\Wire\Wire.cpp.o
                0x0000279a                TwoWire::peek()
 .text._ZN7TwoWire9availableEv
                0x000027b4       0x12 c:\Users\Isaiah\Documents\Arduino\Sketches\MMBC_Waterslide_Timer\build\libraries\Wire\Wire.cpp.o
                0x000027b4                TwoWire::available()
 *fill*         0x000027c6        0x2 
 .text._ZN7TwoWireC2EP6SERCOMhh
                0x000027c8       0x60 c:\Users\Isaiah\Documents\Arduino\Sketches\MMBC_Waterslide_Timer\build\libraries\Wire\Wire.cpp.o
                0x000027c8                TwoWire::TwoWire(SERCOM*, unsigned char, unsigned char)
                0x000027c8                TwoWire::TwoWire(SERCOM*, unsigned char, unsigned char)
 .text._ZN7TwoWire5beginEv
                0x00002828       0x40 c:\Users\Isaiah\Documents\Arduino\Sketches\MMBC_Waterslide_Timer\build\libraries\Wire\Wire.cpp.o
                0x00002828                TwoWire::begin()
 .text._ZN7TwoWire8setClockEm
                0x00002868       0x1c c:\Users\Isaiah\Documents\Arduino\Sketches\MMBC_Waterslide_Timer\build\libraries\Wire\Wire.cpp.o
                0x00002868                TwoWire::setClock(unsigned long)
 .text._ZN7TwoWire17beginTransmissionEh
                0x00002884       0x16 c:\Users\Isaiah\Documents\Arduino\Sketches\MMBC_Waterslide_Timer\build\libraries\Wire\Wire.cpp.o
                0x00002884                TwoWire::beginTransmission(unsigned char)
 .text._ZN11RingBufferNILi256EE10store_charEh
                0x0000289a       0x1a c:\Users\Isaiah\Documents\Arduino\Sketches\MMBC_Waterslide_Timer\build\libraries\Wire\Wire.cpp.o
                0x0000289a                RingBufferN<256>::store_char(unsigned char)
 .text._ZN7TwoWire5writeEh
                0x000028b4       0x2a c:\Users\Isaiah\Documents\Arduino\Sketches\MMBC_Waterslide_Timer\build\libraries\Wire\Wire.cpp.o
                0x000028b4                TwoWire::write(unsigned char)
 .text._ZN11RingBufferNILi256EE9read_charEv
                0x000028de       0x20 c:\Users\Isaiah\Documents\Arduino\Sketches\MMBC_Waterslide_Timer\build\libraries\Wire\Wire.cpp.o
                0x000028de                RingBufferN<256>::read_char()
 .text._ZN7TwoWire15endTransmissionEb
                0x000028fe       0x70 c:\Users\Isaiah\Documents\Arduino\Sketches\MMBC_Waterslide_Timer\build\libraries\Wire\Wire.cpp.o
                0x000028fe                TwoWire::endTransmission(bool)
 .text._ZN7TwoWire15endTransmissionEv
                0x0000296e        0xa c:\Users\Isaiah\Documents\Arduino\Sketches\MMBC_Waterslide_Timer\build\libraries\Wire\Wire.cpp.o
                0x0000296e                TwoWire::endTransmission()
 .text._ZN7TwoWire4readEv
                0x00002978        0xa c:\Users\Isaiah\Documents\Arduino\Sketches\MMBC_Waterslide_Timer\build\libraries\Wire\Wire.cpp.o
                0x00002978                TwoWire::read()
 .text._ZN7TwoWire9onServiceEv
                0x00002982      0x11c c:\Users\Isaiah\Documents\Arduino\Sketches\MMBC_Waterslide_Timer\build\libraries\Wire\Wire.cpp.o
                0x00002982                TwoWire::onService()
 *fill*         0x00002a9e        0x2 
 .text.SERCOM2_Handler
                0x00002aa0       0x10 c:\Users\Isaiah\Documents\Arduino\Sketches\MMBC_Waterslide_Timer\build\libraries\Wire\Wire.cpp.o
                0x00002aa0                SERCOM2_Handler
 .text.startup._GLOBAL__sub_I__ZN7TwoWireC2EP6SERCOMhh
                0x00002ab0       0x18 c:\Users\Isaiah\Documents\Arduino\Sketches\MMBC_Waterslide_Timer\build\libraries\Wire\Wire.cpp.o
 .text._ZN5Print5flushEv
                0x00002ac8        0x2 c:\Users\Isaiah\Documents\Arduino\Sketches\MMBC_Waterslide_Timer\build\libraries\Adafruit_GFX_Library\Adafruit_GFX.cpp.o
                0x00002ac8                Print::flush()
 .text._ZN12Adafruit_GFX9writeLineEsssst
                0x00002aca       0xc6 c:\Users\Isaiah\Documents\Arduino\Sketches\MMBC_Waterslide_Timer\build\libraries\Adafruit_GFX_Library\Adafruit_GFX.cpp.o
                0x00002aca                Adafruit_GFX::writeLine(short, short, short, short, unsigned short)
 .text._ZN12Adafruit_GFX10startWriteEv
                0x00002b90        0x2 c:\Users\Isaiah\Documents\Arduino\Sketches\MMBC_Waterslide_Timer\build\libraries\Adafruit_GFX_Library\Adafruit_GFX.cpp.o
                0x00002b90                Adafruit_GFX::startWrite()
                0x00002b90                Adafruit_GFX::endWrite()
 .text._ZN12Adafruit_GFX10writePixelEsst
                0x00002b92        0xa c:\Users\Isaiah\Documents\Arduino\Sketches\MMBC_Waterslide_Timer\build\libraries\Adafruit_GFX_Library\Adafruit_GFX.cpp.o
                0x00002b92                Adafruit_GFX::writePixel(short, short, unsigned short)
 .text._ZN12Adafruit_GFX14writeFastVLineEssst
                0x00002b9c       0x10 c:\Users\Isaiah\Documents\Arduino\Sketches\MMBC_Waterslide_Timer\build\libraries\Adafruit_GFX_Library\Adafruit_GFX.cpp.o
                0x00002b9c                Adafruit_GFX::writeFastVLine(short, short, short, unsigned short)
 .text._ZN12Adafruit_GFX14writeFastHLineEssst
                0x00002bac       0x10 c:\Users\Isaiah\Documents\Arduino\Sketches\MMBC_Waterslide_Timer\build\libraries\Adafruit_GFX_Library\Adafruit_GFX.cpp.o
                0x00002bac                Adafruit_GFX::writeFastHLine(short, short, short, unsigned short)
 .text._ZN12Adafruit_GFX13writeFillRectEsssst
                0x00002bbc       0x18 c:\Users\Isaiah\Documents\Arduino\Sketches\MMBC_Waterslide_Timer\build\libraries\Adafruit_GFX_Library\Adafruit_GFX.cpp.o
                0x00002bbc                Adafruit_GFX::writeFillRect(short, short, short, short, unsigned short)
 .text._ZN12Adafruit_GFX13drawFastVLineEssst
                0x00002bd4       0x3c c:\Users\Isaiah\Documents\Arduino\Sketches\MMBC_Waterslide_Timer\build\libraries\Adafruit_GFX_Library\Adafruit_GFX.cpp.o
                0x00002bd4                Adafruit_GFX::drawFastVLine(short, short, short, unsigned short)
 .text._ZN12Adafruit_GFX13drawFastHLineEssst
                0x00002c10       0x3c c:\Users\Isaiah\Documents\Arduino\Sketches\MMBC_Waterslide_Timer\build\libraries\Adafruit_GFX_Library\Adafruit_GFX.cpp.o
                0x00002c10                Adafruit_GFX::drawFastHLine(short, short, short, unsigned short)
 .text._ZN12Adafruit_GFX8fillRectEsssst
                0x00002c4c       0x4c c:\Users\Isaiah\Documents\Arduino\Sketches\MMBC_Waterslide_Timer\build\libraries\Adafruit_GFX_Library\Adafruit_GFX.cpp.o
                0x00002c4c                Adafruit_GFX::fillRect(short, short, short, short, unsigned short)
 .text._ZN12Adafruit_GFX10fillScreenEt
                0x00002c98       0x1a c:\Users\Isaiah\Documents\Arduino\Sketches\MMBC_Waterslide_Timer\build\libraries\Adafruit_GFX_Library\Adafruit_GFX.cpp.o
                0x00002c98                Adafruit_GFX::fillScreen(unsigned short)
 .text._ZN12Adafruit_GFX8drawRectEsssst
                0x00002cb2       0x80 c:\Users\Isaiah\Documents\Arduino\Sketches\MMBC_Waterslide_Timer\build\libraries\Adafruit_GFX_Library\Adafruit_GFX.cpp.o
                0x00002cb2                Adafruit_GFX::drawRect(short, short, short, short, unsigned short)
 .text._ZN12Adafruit_GFX13invertDisplayEb
                0x00002d32        0x2 c:\Users\Isaiah\Documents\Arduino\Sketches\MMBC_Waterslide_Timer\build\libraries\Adafruit_GFX_Library\Adafruit_GFX.cpp.o
                0x00002d32                Adafruit_GFX::invertDisplay(bool)
 .text._ZN12Adafruit_GFX8drawLineEsssst
                0x00002d34       0x8a c:\Users\Isaiah\Documents\Arduino\Sketches\MMBC_Waterslide_Timer\build\libraries\Adafruit_GFX_Library\Adafruit_GFX.cpp.o
                0x00002d34                Adafruit_GFX::drawLine(short, short, short, short, unsigned short)
 .text._ZN12Adafruit_GFX11setRotationEh
                0x00002dbe       0x24 c:\Users\Isaiah\Documents\Arduino\Sketches\MMBC_Waterslide_Timer\build\libraries\Adafruit_GFX_Library\Adafruit_GFX.cpp.o
                0x00002dbe                Adafruit_GFX::setRotation(unsigned char)
 *fill*         0x00002de2        0x2 
 .text._ZN12Adafruit_GFXC2Ess
                0x00002de4       0x34 c:\Users\Isaiah\Documents\Arduino\Sketches\MMBC_Waterslide_Timer\build\libraries\Adafruit_GFX_Library\Adafruit_GFX.cpp.o
                0x00002de4                Adafruit_GFX::Adafruit_GFX(short, short)
                0x00002de4                Adafruit_GFX::Adafruit_GFX(short, short)
 .text._ZN12Adafruit_GFX10drawBitmapEssPKhsst
                0x00002e18       0xb6 c:\Users\Isaiah\Documents\Arduino\Sketches\MMBC_Waterslide_Timer\build\libraries\Adafruit_GFX_Library\Adafruit_GFX.cpp.o
                0x00002e18                Adafruit_GFX::drawBitmap(short, short, unsigned char const*, short, short, unsigned short)
 *fill*         0x00002ece        0x2 
 .text._ZN12Adafruit_GFX8drawCharEsshtthh
                0x00002ed0      0x2dc c:\Users\Isaiah\Documents\Arduino\Sketches\MMBC_Waterslide_Timer\build\libraries\Adafruit_GFX_Library\Adafruit_GFX.cpp.o
                0x00002ed0                Adafruit_GFX::drawChar(short, short, unsigned char, unsigned short, unsigned short, unsigned char, unsigned char)
 .text._ZN12Adafruit_GFX5writeEh
                0x000031ac      0x100 c:\Users\Isaiah\Documents\Arduino\Sketches\MMBC_Waterslide_Timer\build\libraries\Adafruit_GFX_Library\Adafruit_GFX.cpp.o
                0x000031ac                Adafruit_GFX::write(unsigned char)
 .text._ZN12Adafruit_GFX11setTextSizeEhh
                0x000032ac       0x12 c:\Users\Isaiah\Documents\Arduino\Sketches\MMBC_Waterslide_Timer\build\libraries\Adafruit_GFX_Library\Adafruit_GFX.cpp.o
                0x000032ac                Adafruit_GFX::setTextSize(unsigned char, unsigned char)
 .text._ZN12Adafruit_GFX11setTextSizeEh
                0x000032be        0xa c:\Users\Isaiah\Documents\Arduino\Sketches\MMBC_Waterslide_Timer\build\libraries\Adafruit_GFX_Library\Adafruit_GFX.cpp.o
                0x000032be                Adafruit_GFX::setTextSize(unsigned char)
 .text._ZN16Adafruit_SSD13069drawPixelEsst
                0x000032c8       0xca c:\Users\Isaiah\Documents\Arduino\Sketches\MMBC_Waterslide_Timer\build\libraries\Adafruit_SSD1306\Adafruit_SSD1306.cpp.o
                0x000032c8                Adafruit_SSD1306::drawPixel(short, short, unsigned short)
 *fill*         0x00003392        0x2 
 .text._ZN16Adafruit_SSD1306C2EhhP7TwoWireamm
                0x00003394       0x60 c:\Users\Isaiah\Documents\Arduino\Sketches\MMBC_Waterslide_Timer\build\libraries\Adafruit_SSD1306\Adafruit_SSD1306.cpp.o
                0x00003394                Adafruit_SSD1306::Adafruit_SSD1306(unsigned char, unsigned char, TwoWire*, signed char, unsigned long, unsigned long)
                0x00003394                Adafruit_SSD1306::Adafruit_SSD1306(unsigned char, unsigned char, TwoWire*, signed char, unsigned long, unsigned long)
 .text._ZN16Adafruit_SSD1306D2Ev
                0x000033f4       0x1c c:\Users\Isaiah\Documents\Arduino\Sketches\MMBC_Waterslide_Timer\build\libraries\Adafruit_SSD1306\Adafruit_SSD1306.cpp.o
                0x000033f4                Adafruit_SSD1306::~Adafruit_SSD1306()
                0x000033f4                Adafruit_SSD1306::~Adafruit_SSD1306()
 .text._ZN16Adafruit_SSD130616ssd1306_command1Eh
                0x00003410       0x7c c:\Users\Isaiah\Documents\Arduino\Sketches\MMBC_Waterslide_Timer\build\libraries\Adafruit_SSD1306\Adafruit_SSD1306.cpp.o
                0x00003410                Adafruit_SSD1306::ssd1306_command1(unsigned char)
 .text._ZN16Adafruit_SSD130613invertDisplayEb
                0x0000348c       0x5e c:\Users\Isaiah\Documents\Arduino\Sketches\MMBC_Waterslide_Timer\build\libraries\Adafruit_SSD1306\Adafruit_SSD1306.cpp.o
                0x0000348c                Adafruit_SSD1306::invertDisplay(bool)
 .text._ZN16Adafruit_SSD130619ssd1306_commandListEPKhh
                0x000034ea       0xc0 c:\Users\Isaiah\Documents\Arduino\Sketches\MMBC_Waterslide_Timer\build\libraries\Adafruit_SSD1306\Adafruit_SSD1306.cpp.o
                0x000034ea                Adafruit_SSD1306::ssd1306_commandList(unsigned char const*, unsigned char)
 .text._ZN16Adafruit_SSD130612clearDisplayEv
                0x000035aa       0x22 c:\Users\Isaiah\Documents\Arduino\Sketches\MMBC_Waterslide_Timer\build\libraries\Adafruit_SSD1306\Adafruit_SSD1306.cpp.o
                0x000035aa                Adafruit_SSD1306::clearDisplay()
 .text._ZN16Adafruit_SSD13065beginEhhbb
                0x000035cc      0x340 c:\Users\Isaiah\Documents\Arduino\Sketches\MMBC_Waterslide_Timer\build\libraries\Adafruit_SSD1306\Adafruit_SSD1306.cpp.o
                0x000035cc                Adafruit_SSD1306::begin(unsigned char, unsigned char, bool, bool)
 .text._ZN16Adafruit_SSD130621drawFastHLineInternalEssst
                0x0000390c       0x92 c:\Users\Isaiah\Documents\Arduino\Sketches\MMBC_Waterslide_Timer\build\libraries\Adafruit_SSD1306\Adafruit_SSD1306.cpp.o
                0x0000390c                Adafruit_SSD1306::drawFastHLineInternal(short, short, short, unsigned short)
 *fill*         0x0000399e        0x2 
 .text._ZN16Adafruit_SSD130621drawFastVLineInternalEssst
                0x000039a0      0x114 c:\Users\Isaiah\Documents\Arduino\Sketches\MMBC_Waterslide_Timer\build\libraries\Adafruit_SSD1306\Adafruit_SSD1306.cpp.o
                0x000039a0                Adafruit_SSD1306::drawFastVLineInternal(short, short, short, unsigned short)
 .text._ZN16Adafruit_SSD130613drawFastHLineEssst
                0x00003ab4       0x4e c:\Users\Isaiah\Documents\Arduino\Sketches\MMBC_Waterslide_Timer\build\libraries\Adafruit_SSD1306\Adafruit_SSD1306.cpp.o
                0x00003ab4                Adafruit_SSD1306::drawFastHLine(short, short, short, unsigned short)
 .text._ZN16Adafruit_SSD130613drawFastVLineEssst
                0x00003b02       0x4e c:\Users\Isaiah\Documents\Arduino\Sketches\MMBC_Waterslide_Timer\build\libraries\Adafruit_SSD1306\Adafruit_SSD1306.cpp.o
                0x00003b02                Adafruit_SSD1306::drawFastVLine(short, short, short, unsigned short)
 .text._ZN16Adafruit_SSD13067displayEv
                0x00003b50      0x14c c:\Users\Isaiah\Documents\Arduino\Sketches\MMBC_Waterslide_Timer\build\libraries\Adafruit_SSD1306\Adafruit_SSD1306.cpp.o
                0x00003b50                Adafruit_SSD1306::display()
 .text.SERCOM4_Handler
                0x00003c9c       0x10 c:\Users\Isaiah\Documents\Arduino\Sketches\MMBC_Waterslide_Timer\build\core\variant.cpp.o
                0x00003c9c                SERCOM4_Handler
 .text.startup._GLOBAL__sub_I_g_APinDescription
                0x00003cac       0x80 c:\Users\Isaiah\Documents\Arduino\Sketches\MMBC_Waterslide_Timer\build\core\variant.cpp.o
 .text.Dummy_Handler
                0x00003d2c        0x2 c:\Users\Isaiah\Documents\Arduino\Sketches\MMBC_Waterslide_Timer\build/core\core.a(cortex_handlers.c.o)
                0x00003d2c                HardFault_Handler
                0x00003d2c                AC_Handler
                0x00003d2c                PendSV_Handler
                0x00003d2c                NMI_Handler
                0x00003d2c                TC7_Handler
                0x00003d2c                SERCOM1_Handler
                0x00003d2c                ADC_Handler
                0x00003d2c                TCC1_Handler
                0x00003d2c                TCC0_Handler
                0x00003d2c                RTC_Handler
                0x00003d2c                EIC_Handler
                0x00003d2c                TC6_Handler
                0x00003d2c                WDT_Handler
                0x00003d2c                TC4_Handler
                0x00003d2c                TC3_Handler
                0x00003d2c                Dummy_Handler
                0x00003d2c                PM_Handler
                0x00003d2c                SERCOM5_Handler
                0x00003d2c                SVC_Handler
                0x00003d2c                TCC2_Handler
                0x00003d2c                EVSYS_Handler
                0x00003d2c                SERCOM3_Handler
                0x00003d2c                I2S_Handler
                0x00003d2c                NVMCTRL_Handler
                0x00003d2c                SERCOM0_Handler
                0x00003d2c                DAC_Handler
                0x00003d2c                PTC_Handler
                0x00003d2c                SYSCTRL_Handler
 *fill*         0x00003d2e        0x2 
 .text.USB_Handler
                0x00003d30       0x14 c:\Users\Isaiah\Documents\Arduino\Sketches\MMBC_Waterslide_Timer\build/core\core.a(cortex_handlers.c.o)
                0x00003d30                USB_Handler
 .text.Reset_Handler
                0x00003d44       0x54 c:\Users\Isaiah\Documents\Arduino\Sketches\MMBC_Waterslide_Timer\build/core\core.a(cortex_handlers.c.o)
                0x00003d44                Reset_Handler
 .text.SysTick_Handler
                0x00003d98       0x10 c:\Users\Isaiah\Documents\Arduino\Sketches\MMBC_Waterslide_Timer\build/core\core.a(cortex_handlers.c.o)
                0x00003d98                SysTick_Handler
 .text.USB_SetHandler
                0x00003da8        0xc c:\Users\Isaiah\Documents\Arduino\Sketches\MMBC_Waterslide_Timer\build/core\core.a(cortex_handlers.c.o)
                0x00003da8                USB_SetHandler
 .text.millis   0x00003db4        0xc c:\Users\Isaiah\Documents\Arduino\Sketches\MMBC_Waterslide_Timer\build/core\core.a(delay.c.o)
                0x00003db4                millis
 .text.micros   0x00003dc0       0x60 c:\Users\Isaiah\Documents\Arduino\Sketches\MMBC_Waterslide_Timer\build/core\core.a(delay.c.o)
                0x00003dc0                micros
 .text._real_delay
                0x00003e20       0x30 c:\Users\Isaiah\Documents\Arduino\Sketches\MMBC_Waterslide_Timer\build/core\core.a(delay.c.o)
                0x00003e20                _real_delay
                0x00003e20                delay
 .text.SysTick_DefaultHandler
                0x00003e50       0x14 c:\Users\Isaiah\Documents\Arduino\Sketches\MMBC_Waterslide_Timer\build/core\core.a(delay.c.o)
                0x00003e50                SysTick_DefaultHandler
 .text.__empty  0x00003e64        0x2 c:\Users\Isaiah\Documents\Arduino\Sketches\MMBC_Waterslide_Timer\build/core\core.a(hooks.c.o)
                0x00003e64                yield
 .text.__false  0x00003e66        0x4 c:\Users\Isaiah\Documents\Arduino\Sketches\MMBC_Waterslide_Timer\build/core\core.a(hooks.c.o)
                0x00003e66                sysTickHook
 *fill*         0x00003e6a        0x2 
 .text.SystemInit
                0x00003e6c      0x160 c:\Users\Isaiah\Documents\Arduino\Sketches\MMBC_Waterslide_Timer\build/core\core.a(startup.c.o)
                0x00003e6c                SystemInit
 .text.init     0x00003fcc       0xe0 c:\Users\Isaiah\Documents\Arduino\Sketches\MMBC_Waterslide_Timer\build/core\core.a(wiring.c.o)
                0x00003fcc                init
 .text.analogReference
                0x000040ac       0x88 c:\Users\Isaiah\Documents\Arduino\Sketches\MMBC_Waterslide_Timer\build/core\core.a(wiring_analog.c.o)
                0x000040ac                analogReference
 .text.analogRead
                0x00004134       0xc4 c:\Users\Isaiah\Documents\Arduino\Sketches\MMBC_Waterslide_Timer\build/core\core.a(wiring_analog.c.o)
                0x00004134                analogRead
 .text.pinMode  0x000041f8       0x60 c:\Users\Isaiah\Documents\Arduino\Sketches\MMBC_Waterslide_Timer\build/core\core.a(wiring_digital.c.o)
                0x000041f8                pinMode
 .text.digitalWrite
                0x00004258       0x58 c:\Users\Isaiah\Documents\Arduino\Sketches\MMBC_Waterslide_Timer\build/core\core.a(wiring_digital.c.o)
                0x00004258                digitalWrite
 .text.digitalRead
                0x000042b0       0x30 c:\Users\Isaiah\Documents\Arduino\Sketches\MMBC_Waterslide_Timer\build/core\core.a(wiring_digital.c.o)
                0x000042b0                digitalRead
 .text.mapResolution
                0x000042e0       0x12 c:\Users\Isaiah\Documents\Arduino\Sketches\MMBC_Waterslide_Timer\build/core\core.a(wiring_private.c.o)
                0x000042e0                mapResolution
 *fill*         0x000042f2        0x2 
 .text.pinPeripheral
                0x000042f4       0xc4 c:\Users\Isaiah\Documents\Arduino\Sketches\MMBC_Waterslide_Timer\build/core\core.a(wiring_private.c.o)
                0x000042f4                pinPeripheral
 .text._ZN5Print5writeEPKhj
                0x000043b8       0x28 c:\Users\Isaiah\Documents\Arduino\Sketches\MMBC_Waterslide_Timer\build/core\core.a(Print.cpp.o)
                0x000043b8                Print::write(unsigned char const*, unsigned int)
 .text._ZN5Print5writeEPKc.part.2
                0x000043e0       0x1a c:\Users\Isaiah\Documents\Arduino\Sketches\MMBC_Waterslide_Timer\build/core\core.a(Print.cpp.o)
 .text._ZN5Print5writeEPKc
                0x000043fa       0x10 c:\Users\Isaiah\Documents\Arduino\Sketches\MMBC_Waterslide_Timer\build/core\core.a(Print.cpp.o)
                0x000043fa                Print::write(char const*)
 .text._ZN5Print5printEPKc
                0x0000440a        0x8 c:\Users\Isaiah\Documents\Arduino\Sketches\MMBC_Waterslide_Timer\build/core\core.a(Print.cpp.o)
                0x0000440a                Print::print(char const*)
 .text._ZN5Print5printEc
                0x00004412        0xa c:\Users\Isaiah\Documents\Arduino\Sketches\MMBC_Waterslide_Timer\build/core\core.a(Print.cpp.o)
                0x00004412                Print::print(char)
 .text._ZN5Print11printNumberEmh
                0x0000441c       0x48 c:\Users\Isaiah\Documents\Arduino\Sketches\MMBC_Waterslide_Timer\build/core\core.a(Print.cpp.o)
                0x0000441c                Print::printNumber(unsigned long, unsigned char)
 .text._ZN5Print10printFloatEdh
                0x00004464      0x16c c:\Users\Isaiah\Documents\Arduino\Sketches\MMBC_Waterslide_Timer\build/core\core.a(Print.cpp.o)
                0x00004464                Print::printFloat(double, unsigned char)
 .text._ZN5Print5printEdi
                0x000045d0       0x12 c:\Users\Isaiah\Documents\Arduino\Sketches\MMBC_Waterslide_Timer\build/core\core.a(Print.cpp.o)
                0x000045d0                Print::print(double, int)
 *fill*         0x000045e2        0x2 
 .text.initiateReset
                0x000045e4        0xc c:\Users\Isaiah\Documents\Arduino\Sketches\MMBC_Waterslide_Timer\build/core\core.a(Reset.cpp.o)
                0x000045e4                initiateReset
 .text.cancelReset
                0x000045f0       0x10 c:\Users\Isaiah\Documents\Arduino\Sketches\MMBC_Waterslide_Timer\build/core\core.a(Reset.cpp.o)
                0x000045f0                cancelReset
 .text.tickReset
                0x00004600       0x78 c:\Users\Isaiah\Documents\Arduino\Sketches\MMBC_Waterslide_Timer\build/core\core.a(Reset.cpp.o)
                0x00004600                tickReset
 .text.__wrap__write
                0x00004678        0x4 c:\Users\Isaiah\Documents\Arduino\Sketches\MMBC_Waterslide_Timer\build/core\core.a(Retarget.cpp.o)
                0x00004678                __wrap__write
 .text._ZN6SERCOMC2EP6Sercom
                0x0000467c        0x4 c:\Users\Isaiah\Documents\Arduino\Sketches\MMBC_Waterslide_Timer\build/core\core.a(SERCOM.cpp.o)
                0x0000467c                SERCOM::SERCOM(Sercom*)
                0x0000467c                SERCOM::SERCOM(Sercom*)
 .text._ZN6SERCOM9initFrameE18SercomUartCharSize15SercomDataOrder16SercomParityMode19SercomNumberStopBit
                0x00004680       0x3a c:\Users\Isaiah\Documents\Arduino\Sketches\MMBC_Waterslide_Timer\build/core\core.a(SERCOM.cpp.o)
                0x00004680                SERCOM::initFrame(SercomUartCharSize, SercomDataOrder, SercomParityMode, SercomNumberStopBit)
 .text._ZN6SERCOM8initPadsE15SercomUartTXPad11SercomRXPad
                0x000046ba       0x26 c:\Users\Isaiah\Documents\Arduino\Sketches\MMBC_Waterslide_Timer\build/core\core.a(SERCOM.cpp.o)
                0x000046ba                SERCOM::initPads(SercomUartTXPad, SercomRXPad)
 .text._ZN6SERCOM9resetUARTEv
                0x000046e0       0x1a c:\Users\Isaiah\Documents\Arduino\Sketches\MMBC_Waterslide_Timer\build/core\core.a(SERCOM.cpp.o)
                0x000046e0                SERCOM::resetUART()
 .text._ZN6SERCOM10enableUARTEv
                0x000046fa       0x14 c:\Users\Isaiah\Documents\Arduino\Sketches\MMBC_Waterslide_Timer\build/core\core.a(SERCOM.cpp.o)
                0x000046fa                SERCOM::enableUART()
 .text._ZN6SERCOM9flushUARTEv
                0x0000470e       0x10 c:\Users\Isaiah\Documents\Arduino\Sketches\MMBC_Waterslide_Timer\build/core\core.a(SERCOM.cpp.o)
                0x0000470e                SERCOM::flushUART()
 .text._ZN6SERCOM15clearStatusUARTEv
                0x0000471e        0x8 c:\Users\Isaiah\Documents\Arduino\Sketches\MMBC_Waterslide_Timer\build/core\core.a(SERCOM.cpp.o)
                0x0000471e                SERCOM::clearStatusUART()
 .text._ZN6SERCOM17availableDataUARTEv
                0x00004726        0xa c:\Users\Isaiah\Documents\Arduino\Sketches\MMBC_Waterslide_Timer\build/core\core.a(SERCOM.cpp.o)
                0x00004726                SERCOM::availableDataUART()
 .text._ZN6SERCOM11isUARTErrorEv
                0x00004730        0x8 c:\Users\Isaiah\Documents\Arduino\Sketches\MMBC_Waterslide_Timer\build/core\core.a(SERCOM.cpp.o)
                0x00004730                SERCOM::isUARTError()
 .text._ZN6SERCOM20acknowledgeUARTErrorEv
                0x00004738        0xe c:\Users\Isaiah\Documents\Arduino\Sketches\MMBC_Waterslide_Timer\build/core\core.a(SERCOM.cpp.o)
                0x00004738                SERCOM::acknowledgeUARTError()
 .text._ZN6SERCOM16isFrameErrorUARTEv
                0x00004746        0xa c:\Users\Isaiah\Documents\Arduino\Sketches\MMBC_Waterslide_Timer\build/core\core.a(SERCOM.cpp.o)
                0x00004746                SERCOM::isFrameErrorUART()
 .text._ZN6SERCOM19clearFrameErrorUARTEv
                0x00004750        0xc c:\Users\Isaiah\Documents\Arduino\Sketches\MMBC_Waterslide_Timer\build/core\core.a(SERCOM.cpp.o)
                0x00004750                SERCOM::clearFrameErrorUART()
 .text._ZN6SERCOM23isDataRegisterEmptyUARTEv
                0x0000475c        0xa c:\Users\Isaiah\Documents\Arduino\Sketches\MMBC_Waterslide_Timer\build/core\core.a(SERCOM.cpp.o)
                0x0000475c                SERCOM::isDataRegisterEmptyUART()
 .text._ZN6SERCOM12readDataUARTEv
                0x00004766        0x8 c:\Users\Isaiah\Documents\Arduino\Sketches\MMBC_Waterslide_Timer\build/core\core.a(SERCOM.cpp.o)
                0x00004766                SERCOM::readDataUART()
 .text._ZN6SERCOM13writeDataUARTEh
                0x0000476e       0x10 c:\Users\Isaiah\Documents\Arduino\Sketches\MMBC_Waterslide_Timer\build/core\core.a(SERCOM.cpp.o)
                0x0000476e                SERCOM::writeDataUART(unsigned char)
 .text._ZN6SERCOM36enableDataRegisterEmptyInterruptUARTEv
                0x0000477e        0x8 c:\Users\Isaiah\Documents\Arduino\Sketches\MMBC_Waterslide_Timer\build/core\core.a(SERCOM.cpp.o)
                0x0000477e                SERCOM::enableDataRegisterEmptyInterruptUART()
 .text._ZN6SERCOM37disableDataRegisterEmptyInterruptUARTEv
                0x00004786        0x8 c:\Users\Isaiah\Documents\Arduino\Sketches\MMBC_Waterslide_Timer\build/core\core.a(SERCOM.cpp.o)
                0x00004786                SERCOM::disableDataRegisterEmptyInterruptUART()
 .text._ZN6SERCOM8resetSPIEv
                0x0000478e       0x1a c:\Users\Isaiah\Documents\Arduino\Sketches\MMBC_Waterslide_Timer\build/core\core.a(SERCOM.cpp.o)
                0x0000478e                SERCOM::resetSPI()
 .text._ZN6SERCOM9enableSPIEv
                0x000047a8       0x14 c:\Users\Isaiah\Documents\Arduino\Sketches\MMBC_Waterslide_Timer\build/core\core.a(SERCOM.cpp.o)
                0x000047a8                SERCOM::enableSPI()
 .text._ZN6SERCOM10disableSPIEv
                0x000047bc       0x12 c:\Users\Isaiah\Documents\Arduino\Sketches\MMBC_Waterslide_Timer\build/core\core.a(SERCOM.cpp.o)
                0x000047bc                SERCOM::disableSPI()
 .text._ZN6SERCOM15transferDataSPIEh
                0x000047ce       0x1a c:\Users\Isaiah\Documents\Arduino\Sketches\MMBC_Waterslide_Timer\build/core\core.a(SERCOM.cpp.o)
                0x000047ce                SERCOM::transferDataSPI(unsigned char)
 .text._ZN6SERCOM28calculateBaudrateSynchronousEm
                0x000047e8       0x1c c:\Users\Isaiah\Documents\Arduino\Sketches\MMBC_Waterslide_Timer\build/core\core.a(SERCOM.cpp.o)
                0x000047e8                SERCOM::calculateBaudrateSynchronous(unsigned long)
 .text._ZN6SERCOM12initSPIClockE18SercomSpiClockModem
                0x00004804       0x26 c:\Users\Isaiah\Documents\Arduino\Sketches\MMBC_Waterslide_Timer\build/core\core.a(SERCOM.cpp.o)
                0x00004804                SERCOM::initSPIClock(SercomSpiClockMode, unsigned long)
 .text._ZN6SERCOM9resetWIREEv
                0x0000482a       0x1a c:\Users\Isaiah\Documents\Arduino\Sketches\MMBC_Waterslide_Timer\build/core\core.a(SERCOM.cpp.o)
                0x0000482a                SERCOM::resetWIRE()
 .text._ZN6SERCOM10enableWIREEv
                0x00004844       0x2a c:\Users\Isaiah\Documents\Arduino\Sketches\MMBC_Waterslide_Timer\build/core\core.a(SERCOM.cpp.o)
                0x00004844                SERCOM::enableWIRE()
 .text._ZN6SERCOM11disableWIREEv
                0x0000486e       0x14 c:\Users\Isaiah\Documents\Arduino\Sketches\MMBC_Waterslide_Timer\build/core\core.a(SERCOM.cpp.o)
                0x0000486e                SERCOM::disableWIRE()
 .text._ZN6SERCOM18prepareNackBitWIREEv
                0x00004882       0x10 c:\Users\Isaiah\Documents\Arduino\Sketches\MMBC_Waterslide_Timer\build/core\core.a(SERCOM.cpp.o)
                0x00004882                SERCOM::prepareNackBitWIRE()
 *fill*         0x00004892        0x2 
 .text._ZN6SERCOM17prepareAckBitWIREEv
                0x00004894       0x14 c:\Users\Isaiah\Documents\Arduino\Sketches\MMBC_Waterslide_Timer\build/core\core.a(SERCOM.cpp.o)
                0x00004894                SERCOM::prepareAckBitWIRE()
 .text._ZN6SERCOM22prepareCommandBitsWireEh
                0x000048a8       0x2c c:\Users\Isaiah\Documents\Arduino\Sketches\MMBC_Waterslide_Timer\build/core\core.a(SERCOM.cpp.o)
                0x000048a8                SERCOM::prepareCommandBitsWire(unsigned char)
 .text._ZN6SERCOM21startTransmissionWIREEh23SercomWireReadWriteFlag
                0x000048d4       0x7c c:\Users\Isaiah\Documents\Arduino\Sketches\MMBC_Waterslide_Timer\build/core\core.a(SERCOM.cpp.o)
                0x000048d4                SERCOM::startTransmissionWIRE(unsigned char, SercomWireReadWriteFlag)
 .text._ZN6SERCOM18sendDataMasterWIREEh
                0x00004950       0x24 c:\Users\Isaiah\Documents\Arduino\Sketches\MMBC_Waterslide_Timer\build/core\core.a(SERCOM.cpp.o)
                0x00004950                SERCOM::sendDataMasterWIRE(unsigned char)
 .text._ZN6SERCOM17sendDataSlaveWIREEh
                0x00004974       0x1c c:\Users\Isaiah\Documents\Arduino\Sketches\MMBC_Waterslide_Timer\build/core\core.a(SERCOM.cpp.o)
                0x00004974                SERCOM::sendDataSlaveWIRE(unsigned char)
 .text._ZN6SERCOM11isSlaveWIREEv
                0x00004990       0x12 c:\Users\Isaiah\Documents\Arduino\Sketches\MMBC_Waterslide_Timer\build/core\core.a(SERCOM.cpp.o)
                0x00004990                SERCOM::isSlaveWIRE()
 .text._ZN6SERCOM15isDataReadyWIREEv
                0x000049a2        0xa c:\Users\Isaiah\Documents\Arduino\Sketches\MMBC_Waterslide_Timer\build/core\core.a(SERCOM.cpp.o)
                0x000049a2                SERCOM::isDataReadyWIRE()
 .text._ZN6SERCOM18isStopDetectedWIREEv
                0x000049ac        0xa c:\Users\Isaiah\Documents\Arduino\Sketches\MMBC_Waterslide_Timer\build/core\core.a(SERCOM.cpp.o)
                0x000049ac                SERCOM::isStopDetectedWIRE()
 .text._ZN6SERCOM21isRestartDetectedWIREEv
                0x000049b6        0xa c:\Users\Isaiah\Documents\Arduino\Sketches\MMBC_Waterslide_Timer\build/core\core.a(SERCOM.cpp.o)
                0x000049b6                SERCOM::isRestartDetectedWIRE()
 .text._ZN6SERCOM14isAddressMatchEv
                0x000049c0        0xa c:\Users\Isaiah\Documents\Arduino\Sketches\MMBC_Waterslide_Timer\build/core\core.a(SERCOM.cpp.o)
                0x000049c0                SERCOM::isAddressMatch()
 .text._ZN6SERCOM25isMasterReadOperationWIREEv
                0x000049ca        0xa c:\Users\Isaiah\Documents\Arduino\Sketches\MMBC_Waterslide_Timer\build/core\core.a(SERCOM.cpp.o)
                0x000049ca                SERCOM::isMasterReadOperationWIRE()
 .text._ZN6SERCOM12readDataWIREEv
                0x000049d4       0x1a c:\Users\Isaiah\Documents\Arduino\Sketches\MMBC_Waterslide_Timer\build/core\core.a(SERCOM.cpp.o)
                0x000049d4                SERCOM::readDataWIRE()
 *fill*         0x000049ee        0x2 
 .text._ZN6SERCOM14getSercomIndexEv
                0x000049f0       0x5c c:\Users\Isaiah\Documents\Arduino\Sketches\MMBC_Waterslide_Timer\build/core\core.a(SERCOM.cpp.o)
                0x000049f0                SERCOM::getSercomIndex()
 .text._ZN6SERCOM13initClockNVICEv
                0x00004a4c       0x90 c:\Users\Isaiah\Documents\Arduino\Sketches\MMBC_Waterslide_Timer\build/core\core.a(SERCOM.cpp.o)
                0x00004a4c                SERCOM::initClockNVIC()
 .text._ZN6SERCOM8initUARTE14SercomUartMode20SercomUartSampleRatem
                0x00004adc       0x6c c:\Users\Isaiah\Documents\Arduino\Sketches\MMBC_Waterslide_Timer\build/core\core.a(SERCOM.cpp.o)
                0x00004adc                SERCOM::initUART(SercomUartMode, SercomUartSampleRate, unsigned long)
 .text._ZN6SERCOM7initSPIE14SercomSpiTXPad11SercomRXPad17SercomSpiCharSize15SercomDataOrder
                0x00004b48       0x52 c:\Users\Isaiah\Documents\Arduino\Sketches\MMBC_Waterslide_Timer\build/core\core.a(SERCOM.cpp.o)
                0x00004b48                SERCOM::initSPI(SercomSpiTXPad, SercomRXPad, SercomSpiCharSize, SercomDataOrder)
 *fill*         0x00004b9a        0x2 
 .text._ZN6SERCOM14initMasterWIREEm
                0x00004b9c       0x54 c:\Users\Isaiah\Documents\Arduino\Sketches\MMBC_Waterslide_Timer\build/core\core.a(SERCOM.cpp.o)
                0x00004b9c                SERCOM::initMasterWIRE(unsigned long)
 .text._ZN7Serial_17availableForWriteEv
                0x00004bf0        0x4 c:\Users\Isaiah\Documents\Arduino\Sketches\MMBC_Waterslide_Timer\build/core\core.a(CDC.cpp.o)
                0x00004bf0                Serial_::availableForWrite()
 .text._ZN7Serial_5writeEh
                0x00004bf4       0x14 c:\Users\Isaiah\Documents\Arduino\Sketches\MMBC_Waterslide_Timer\build/core\core.a(CDC.cpp.o)
                0x00004bf4                Serial_::write(unsigned char)
 .text._ZN7Serial_9availableEv
                0x00004c08       0x1c c:\Users\Isaiah\Documents\Arduino\Sketches\MMBC_Waterslide_Timer\build/core\core.a(CDC.cpp.o)
                0x00004c08                Serial_::available()
 .text._ZN7Serial_5flushEv
                0x00004c24        0xc c:\Users\Isaiah\Documents\Arduino\Sketches\MMBC_Waterslide_Timer\build/core\core.a(CDC.cpp.o)
                0x00004c24                Serial_::flush()
 .text._ZN7Serial_5clearEv
                0x00004c30        0xc c:\Users\Isaiah\Documents\Arduino\Sketches\MMBC_Waterslide_Timer\build/core\core.a(CDC.cpp.o)
                0x00004c30                Serial_::clear()
 .text._ZN7Serial_4peekEv
                0x00004c3c       0x1c c:\Users\Isaiah\Documents\Arduino\Sketches\MMBC_Waterslide_Timer\build/core\core.a(CDC.cpp.o)
                0x00004c3c                Serial_::peek()
 .text._ZN7Serial_4readEv
                0x00004c58       0x24 c:\Users\Isaiah\Documents\Arduino\Sketches\MMBC_Waterslide_Timer\build/core\core.a(CDC.cpp.o)
                0x00004c58                Serial_::read()
 .text._ZN7Serial_5writeEPKhj
                0x00004c7c       0x30 c:\Users\Isaiah\Documents\Arduino\Sketches\MMBC_Waterslide_Timer\build/core\core.a(CDC.cpp.o)
                0x00004c7c                Serial_::write(unsigned char const*, unsigned int)
 .text._Z16CDC_GetInterfacePh
                0x00004cac       0x1c c:\Users\Isaiah\Documents\Arduino\Sketches\MMBC_Waterslide_Timer\build/core\core.a(CDC.cpp.o)
                0x00004cac                CDC_GetInterface(unsigned char*)
 .text._Z9CDC_SetupR8USBSetup
                0x00004cc8       0x7c c:\Users\Isaiah\Documents\Arduino\Sketches\MMBC_Waterslide_Timer\build/core\core.a(CDC.cpp.o)
                0x00004cc8                CDC_Setup(USBSetup&)
 .text.startup._GLOBAL__sub_I__Z17_CDC_GetInterfacev
                0x00004d44       0x28 c:\Users\Isaiah\Documents\Arduino\Sketches\MMBC_Waterslide_Timer\build/core\core.a(CDC.cpp.o)
 .text._ZN26DoubleBufferedEPOutHandlerD2Ev
                0x00004d6c        0x2 c:\Users\Isaiah\Documents\Arduino\Sketches\MMBC_Waterslide_Timer\build/core\core.a(USBCore.cpp.o)
                0x00004d6c                DoubleBufferedEPOutHandler::~DoubleBufferedEPOutHandler()
                0x00004d6c                DoubleBufferedEPOutHandler::~DoubleBufferedEPOutHandler()
 .text._ZN26DoubleBufferedEPOutHandler4initEv
                0x00004d6e        0x2 c:\Users\Isaiah\Documents\Arduino\Sketches\MMBC_Waterslide_Timer\build/core\core.a(USBCore.cpp.o)
                0x00004d6e                DoubleBufferedEPOutHandler::init()
 .text._ZL5utox8mPc
                0x00004d70       0x24 c:\Users\Isaiah\Documents\Arduino\Sketches\MMBC_Waterslide_Timer\build/core\core.a(USBCore.cpp.o)
 .text._ZN26DoubleBufferedEPOutHandlerD0Ev
                0x00004d94       0x10 c:\Users\Isaiah\Documents\Arduino\Sketches\MMBC_Waterslide_Timer\build/core\core.a(USBCore.cpp.o)
                0x00004d94                DoubleBufferedEPOutHandler::~DoubleBufferedEPOutHandler()
 .text._ZN14USBDeviceClass6initEPEmm.part.8
                0x00004da4       0xe0 c:\Users\Isaiah\Documents\Arduino\Sketches\MMBC_Waterslide_Timer\build/core\core.a(USBCore.cpp.o)
 .text._ZN7__GuardC2Ev
                0x00004e84        0xe c:\Users\Isaiah\Documents\Arduino\Sketches\MMBC_Waterslide_Timer\build/core\core.a(USBCore.cpp.o)
                0x00004e84                __Guard::__Guard()
                0x00004e84                __Guard::__Guard()
 .text._ZN7__GuardD2Ev
                0x00004e92        0xe c:\Users\Isaiah\Documents\Arduino\Sketches\MMBC_Waterslide_Timer\build/core\core.a(USBCore.cpp.o)
                0x00004e92                __Guard::~__Guard()
                0x00004e92                __Guard::~__Guard()
 .text._ZNK26DoubleBufferedEPOutHandler10_availableEv
                0x00004ea0       0x6a c:\Users\Isaiah\Documents\Arduino\Sketches\MMBC_Waterslide_Timer\build/core\core.a(USBCore.cpp.o)
                0x00004ea0                DoubleBufferedEPOutHandler::_available() const
 *fill*         0x00004f0a        0x2 
 .text._ZN26DoubleBufferedEPOutHandler7releaseEv
                0x00004f0c       0x3c c:\Users\Isaiah\Documents\Arduino\Sketches\MMBC_Waterslide_Timer\build/core\core.a(USBCore.cpp.o)
                0x00004f0c                DoubleBufferedEPOutHandler::release()
 .text._ZN26DoubleBufferedEPOutHandler14handleEndpointEv
                0x00004f48       0xdc c:\Users\Isaiah\Documents\Arduino\Sketches\MMBC_Waterslide_Timer\build/core\core.a(USBCore.cpp.o)
                0x00004f48                DoubleBufferedEPOutHandler::handleEndpoint()
 .text._ZN26DoubleBufferedEPOutHandler5_recvEv
                0x00005024      0x184 c:\Users\Isaiah\Documents\Arduino\Sketches\MMBC_Waterslide_Timer\build/core\core.a(USBCore.cpp.o)
                0x00005024                DoubleBufferedEPOutHandler::_recv()
 .text._ZN26DoubleBufferedEPOutHandler4peekEv
                0x000051a8       0x22 c:\Users\Isaiah\Documents\Arduino\Sketches\MMBC_Waterslide_Timer\build/core\core.a(USBCore.cpp.o)
                0x000051a8                DoubleBufferedEPOutHandler::peek()
 .text._ZN26DoubleBufferedEPOutHandler9availableEv
                0x000051ca       0x18 c:\Users\Isaiah\Documents\Arduino\Sketches\MMBC_Waterslide_Timer\build/core\core.a(USBCore.cpp.o)
                0x000051ca                DoubleBufferedEPOutHandler::available()
 .text._ZN26DoubleBufferedEPOutHandler4recvEPvm
                0x000051e2       0x72 c:\Users\Isaiah\Documents\Arduino\Sketches\MMBC_Waterslide_Timer\build/core\core.a(USBCore.cpp.o)
                0x000051e2                DoubleBufferedEPOutHandler::recv(void*, unsigned long)
 .text._ZN14USBDeviceClass14SendInterfacesEPm
                0x00005254       0x2c c:\Users\Isaiah\Documents\Arduino\Sketches\MMBC_Waterslide_Timer\build/core\core.a(USBCore.cpp.o)
                0x00005254                USBDeviceClass::SendInterfaces(unsigned long*)
 .text._ZN14USBDeviceClass14handleEndpointEh
                0x00005280       0x48 c:\Users\Isaiah\Documents\Arduino\Sketches\MMBC_Waterslide_Timer\build/core\core.a(USBCore.cpp.o)
                0x00005280                USBDeviceClass::handleEndpoint(unsigned char)
 .text._ZN14USBDeviceClass4initEv
                0x000052c8      0x110 c:\Users\Isaiah\Documents\Arduino\Sketches\MMBC_Waterslide_Timer\build/core\core.a(USBCore.cpp.o)
                0x000052c8                USBDeviceClass::init()
 .text._ZN14USBDeviceClass6attachEv
                0x000053d8       0x34 c:\Users\Isaiah\Documents\Arduino\Sketches\MMBC_Waterslide_Timer\build/core\core.a(USBCore.cpp.o)
                0x000053d8                USBDeviceClass::attach()
 .text._ZN14USBDeviceClass10setAddressEm
                0x0000540c       0x48 c:\Users\Isaiah\Documents\Arduino\Sketches\MMBC_Waterslide_Timer\build/core\core.a(USBCore.cpp.o)
                0x0000540c                USBDeviceClass::setAddress(unsigned long)
 .text._ZN14USBDeviceClass25handleClassInterfaceSetupER8USBSetup
                0x00005454       0x44 c:\Users\Isaiah\Documents\Arduino\Sketches\MMBC_Waterslide_Timer\build/core\core.a(USBCore.cpp.o)
                0x00005454                USBDeviceClass::handleClassInterfaceSetup(USBSetup&)
 .text._ZN14USBDeviceClass6initEPEmm
                0x00005498      0x12c c:\Users\Isaiah\Documents\Arduino\Sketches\MMBC_Waterslide_Timer\build/core\core.a(USBCore.cpp.o)
                0x00005498                USBDeviceClass::initEP(unsigned long, unsigned long)
 .text._ZN14USBDeviceClass13initEndpointsEv
                0x000055c4       0x24 c:\Users\Isaiah\Documents\Arduino\Sketches\MMBC_Waterslide_Timer\build/core\core.a(USBCore.cpp.o)
                0x000055c4                USBDeviceClass::initEndpoints()
 .text._ZN14USBDeviceClass5clearEm
                0x000055e8       0x38 c:\Users\Isaiah\Documents\Arduino\Sketches\MMBC_Waterslide_Timer\build/core\core.a(USBCore.cpp.o)
                0x000055e8                USBDeviceClass::clear(unsigned long)
 .text._ZN14USBDeviceClass9availableEm
                0x00005620       0x2c c:\Users\Isaiah\Documents\Arduino\Sketches\MMBC_Waterslide_Timer\build/core\core.a(USBCore.cpp.o)
                0x00005620                USBDeviceClass::available(unsigned long)
 .text._ZN14USBDeviceClass5flushEm
                0x0000564c       0x2c c:\Users\Isaiah\Documents\Arduino\Sketches\MMBC_Waterslide_Timer\build/core\core.a(USBCore.cpp.o)
                0x0000564c                USBDeviceClass::flush(unsigned long)
 .text._ZN14USBDeviceClass14armRecvCtrlOUTEm
                0x00005678       0x5c c:\Users\Isaiah\Documents\Arduino\Sketches\MMBC_Waterslide_Timer\build/core\core.a(USBCore.cpp.o)
                0x00005678                USBDeviceClass::armRecvCtrlOUT(unsigned long)
 .text._ZN14USBDeviceClass11recvControlEPvm
                0x000056d4       0x3c c:\Users\Isaiah\Documents\Arduino\Sketches\MMBC_Waterslide_Timer\build/core\core.a(USBCore.cpp.o)
                0x000056d4                USBDeviceClass::recvControl(void*, unsigned long)
 .text._ZN14USBDeviceClass7armRecvEm
                0x00005710       0x38 c:\Users\Isaiah\Documents\Arduino\Sketches\MMBC_Waterslide_Timer\build/core\core.a(USBCore.cpp.o)
                0x00005710                USBDeviceClass::armRecv(unsigned long)
 .text._ZN14USBDeviceClass4recvEmPvm
                0x00005748       0xd8 c:\Users\Isaiah\Documents\Arduino\Sketches\MMBC_Waterslide_Timer\build/core\core.a(USBCore.cpp.o)
                0x00005748                USBDeviceClass::recv(unsigned long, void*, unsigned long)
 .text._ZN14USBDeviceClass4recvEm
                0x00005820       0x1c c:\Users\Isaiah\Documents\Arduino\Sketches\MMBC_Waterslide_Timer\build/core\core.a(USBCore.cpp.o)
                0x00005820                USBDeviceClass::recv(unsigned long)
 .text._ZN14USBDeviceClass4sendEmPKvm
                0x0000583c      0x110 c:\Users\Isaiah\Documents\Arduino\Sketches\MMBC_Waterslide_Timer\build/core\core.a(USBCore.cpp.o)
                0x0000583c                USBDeviceClass::send(unsigned long, void const*, unsigned long)
 .text._ZN14USBDeviceClass7armSendEmPKvm
                0x0000594c       0x48 c:\Users\Isaiah\Documents\Arduino\Sketches\MMBC_Waterslide_Timer\build/core\core.a(USBCore.cpp.o)
                0x0000594c                USBDeviceClass::armSend(unsigned long, void const*, unsigned long)
 .text._ZN14USBDeviceClass11sendControlEPKvm
                0x00005994       0x54 c:\Users\Isaiah\Documents\Arduino\Sketches\MMBC_Waterslide_Timer\build/core\core.a(USBCore.cpp.o)
                0x00005994                USBDeviceClass::sendControl(void const*, unsigned long)
 .text._ZN14USBDeviceClass20sendStringDescriptorEPKhh
                0x000059e8       0x68 c:\Users\Isaiah\Documents\Arduino\Sketches\MMBC_Waterslide_Timer\build/core\core.a(USBCore.cpp.o)
                0x000059e8                USBDeviceClass::sendStringDescriptor(unsigned char const*, unsigned char)
 .text._ZN14USBDeviceClass17sendConfigurationEm
                0x00005a50       0x80 c:\Users\Isaiah\Documents\Arduino\Sketches\MMBC_Waterslide_Timer\build/core\core.a(USBCore.cpp.o)
                0x00005a50                USBDeviceClass::sendConfiguration(unsigned long)
 .text._ZN14USBDeviceClass14sendDescriptorER8USBSetup
                0x00005ad0       0xf0 c:\Users\Isaiah\Documents\Arduino\Sketches\MMBC_Waterslide_Timer\build/core\core.a(USBCore.cpp.o)
                0x00005ad0                USBDeviceClass::sendDescriptor(USBSetup&)
 .text._ZN14USBDeviceClass19handleStandardSetupER8USBSetup
                0x00005bc0      0x104 c:\Users\Isaiah\Documents\Arduino\Sketches\MMBC_Waterslide_Timer\build/core\core.a(USBCore.cpp.o)
                0x00005bc0                USBDeviceClass::handleStandardSetup(USBSetup&)
 .text._ZN14USBDeviceClass10ISRHandlerEv
                0x00005cc4      0x140 c:\Users\Isaiah\Documents\Arduino\Sketches\MMBC_Waterslide_Timer\build/core\core.a(USBCore.cpp.o)
                0x00005cc4                USBDeviceClass::ISRHandler()
 .text.UDD_Handler
                0x00005e04       0x10 c:\Users\Isaiah\Documents\Arduino\Sketches\MMBC_Waterslide_Timer\build/core\core.a(USBCore.cpp.o)
                0x00005e04                UDD_Handler
 .text.startup._GLOBAL__sub_I_usbd
                0x00005e14       0x10 c:\Users\Isaiah\Documents\Arduino\Sketches\MMBC_Waterslide_Timer\build/core\core.a(USBCore.cpp.o)
 .text._ZN4UartcvbEv
                0x00005e24        0x4 c:\Users\Isaiah\Documents\Arduino\Sketches\MMBC_Waterslide_Timer\build/core\core.a(Uart.cpp.o)
                0x00005e24                Uart::operator bool()
 .text._ZN4Uart5beginEm
                0x00005e28       0x10 c:\Users\Isaiah\Documents\Arduino\Sketches\MMBC_Waterslide_Timer\build/core\core.a(Uart.cpp.o)
                0x00005e28                Uart::begin(unsigned long)
 .text._ZN4Uart4peekEv
                0x00005e38       0x1a c:\Users\Isaiah\Documents\Arduino\Sketches\MMBC_Waterslide_Timer\build/core\core.a(Uart.cpp.o)
                0x00005e38                Uart::peek()
 .text._ZN4Uart3endEv
                0x00005e52       0x20 c:\Users\Isaiah\Documents\Arduino\Sketches\MMBC_Waterslide_Timer\build/core\core.a(Uart.cpp.o)
                0x00005e52                Uart::end()
 .text._ZN4Uart16extractNbStopBitEt
                0x00005e72        0xc c:\Users\Isaiah\Documents\Arduino\Sketches\MMBC_Waterslide_Timer\build/core\core.a(Uart.cpp.o)
                0x00005e72                Uart::extractNbStopBit(unsigned short)
 .text._ZN4Uart15extractCharSizeEt
                0x00005e7e       0x28 c:\Users\Isaiah\Documents\Arduino\Sketches\MMBC_Waterslide_Timer\build/core\core.a(Uart.cpp.o)
                0x00005e7e                Uart::extractCharSize(unsigned short)
 .text._ZN4Uart13extractParityEt
                0x00005ea6       0x14 c:\Users\Isaiah\Documents\Arduino\Sketches\MMBC_Waterslide_Timer\build/core\core.a(Uart.cpp.o)
                0x00005ea6                Uart::extractParity(unsigned short)
 *fill*         0x00005eba        0x2 
 .text._ZN4Uart5beginEmt
                0x00005ebc       0xf8 c:\Users\Isaiah\Documents\Arduino\Sketches\MMBC_Waterslide_Timer\build/core\core.a(Uart.cpp.o)
                0x00005ebc                Uart::begin(unsigned long, unsigned short)
 .text._ZN11RingBufferNILi256EEC2Ev
                0x00005fb4       0x1c c:\Users\Isaiah\Documents\Arduino\Sketches\MMBC_Waterslide_Timer\build/core\core.a(Uart.cpp.o)
                0x00005fb4                RingBufferN<256>::RingBufferN()
                0x00005fb4                RingBufferN<256>::RingBufferN()
 .text._ZN4UartC2EP6SERCOMhh11SercomRXPad15SercomUartTXPad
                0x00005fd0       0x74 c:\Users\Isaiah\Documents\Arduino\Sketches\MMBC_Waterslide_Timer\build/core\core.a(Uart.cpp.o)
                0x00005fd0                Uart::Uart(SERCOM*, unsigned char, unsigned char, SercomRXPad, SercomUartTXPad)
                0x00005fd0                Uart::Uart(SERCOM*, unsigned char, unsigned char, SercomRXPad, SercomUartTXPad)
 .text._ZN11RingBufferNILi256EE17availableForStoreEv
                0x00006044       0x20 c:\Users\Isaiah\Documents\Arduino\Sketches\MMBC_Waterslide_Timer\build/core\core.a(Uart.cpp.o)
                0x00006044                RingBufferN<256>::availableForStore()
 .text._ZN4Uart17availableForWriteEv
                0x00006064        0xc c:\Users\Isaiah\Documents\Arduino\Sketches\MMBC_Waterslide_Timer\build/core\core.a(Uart.cpp.o)
                0x00006064                Uart::availableForWrite()
 .text._ZN4Uart4readEv
                0x00006070       0x4c c:\Users\Isaiah\Documents\Arduino\Sketches\MMBC_Waterslide_Timer\build/core\core.a(Uart.cpp.o)
                0x00006070                Uart::read()
 .text._ZN11RingBufferNILi256EE9availableEv
                0x000060bc       0x12 c:\Users\Isaiah\Documents\Arduino\Sketches\MMBC_Waterslide_Timer\build/core\core.a(Uart.cpp.o)
                0x000060bc                RingBufferN<256>::available()
 .text._ZN4Uart5flushEv
                0x000060ce       0x1a c:\Users\Isaiah\Documents\Arduino\Sketches\MMBC_Waterslide_Timer\build/core\core.a(Uart.cpp.o)
                0x000060ce                Uart::flush()
 .text._ZN4Uart9availableEv
                0x000060e8        0xa c:\Users\Isaiah\Documents\Arduino\Sketches\MMBC_Waterslide_Timer\build/core\core.a(Uart.cpp.o)
                0x000060e8                Uart::available()
 .text._ZN4Uart10IrqHandlerEv
                0x000060f2       0xcc c:\Users\Isaiah\Documents\Arduino\Sketches\MMBC_Waterslide_Timer\build/core\core.a(Uart.cpp.o)
                0x000060f2                Uart::IrqHandler()
 *fill*         0x000061be        0x2 
 .text._ZN4Uart5writeEh
                0x000061c0       0xb4 c:\Users\Isaiah\Documents\Arduino\Sketches\MMBC_Waterslide_Timer\build/core\core.a(Uart.cpp.o)
                0x000061c0                Uart::write(unsigned char)
 .text.__cxa_pure_virtual
                0x00006274        0x2 c:\Users\Isaiah\Documents\Arduino\Sketches\MMBC_Waterslide_Timer\build/core\core.a(abi.cpp.o)
                0x00006274                __cxa_pure_virtual
 .text._Z11initVariantv
                0x00006276        0x2 c:\Users\Isaiah\Documents\Arduino\Sketches\MMBC_Waterslide_Timer\build/core\core.a(main.cpp.o)
                0x00006276                initVariant()
 .text._Z10_real_bodyv
                0x00006278       0x20 c:\Users\Isaiah\Documents\Arduino\Sketches\MMBC_Waterslide_Timer\build/core\core.a(main.cpp.o)
                0x00006278                _real_body()
 .text._Z10_wrap_bodyv
                0x00006298        0x6 c:\Users\Isaiah\Documents\Arduino\Sketches\MMBC_Waterslide_Timer\build/core\core.a(main.cpp.o)
                0x00006298                _wrap_body()
 *fill*         0x0000629e        0x2 
 .text.startup.main
                0x000062a0       0x30 c:\Users\Isaiah\Documents\Arduino\Sketches\MMBC_Waterslide_Timer\build/core\core.a(main.cpp.o)
                0x000062a0                main
 .text._Znwj    0x000062d0        0x8 c:\Users\Isaiah\Documents\Arduino\Sketches\MMBC_Waterslide_Timer\build/core\core.a(new.cpp.o)
                0x000062d0                operator new(unsigned int)
 .text._ZdlPv   0x000062d8        0x8 c:\Users\Isaiah\Documents\Arduino\Sketches\MMBC_Waterslide_Timer\build/core\core.a(new.cpp.o)
                0x000062d8                operator delete(void*)
 .text._sbrk    0x000062e0       0x3c c:\Users\Isaiah\Documents\Arduino\Sketches\MMBC_Waterslide_Timer\build/core\core.a(new.cpp.o)
                0x000062e0                _sbrk
 .text._ZN13PluggableUSB_12getInterfaceEPh
                0x0000631c       0x28 c:\Users\Isaiah\Documents\Arduino\Sketches\MMBC_Waterslide_Timer\build/core\core.a(PluggableUSB.cpp.o)
                0x0000631c                PluggableUSB_::getInterface(unsigned char*)
 .text._ZN13PluggableUSB_13getDescriptorER8USBSetup
                0x00006344       0x20 c:\Users\Isaiah\Documents\Arduino\Sketches\MMBC_Waterslide_Timer\build/core\core.a(PluggableUSB.cpp.o)
                0x00006344                PluggableUSB_::getDescriptor(USBSetup&)
 .text._ZN13PluggableUSB_5setupER8USBSetup
                0x00006364       0x20 c:\Users\Isaiah\Documents\Arduino\Sketches\MMBC_Waterslide_Timer\build/core\core.a(PluggableUSB.cpp.o)
                0x00006364                PluggableUSB_::setup(USBSetup&)
 .text._ZN13PluggableUSB_14handleEndpointEi
                0x00006384       0x20 c:\Users\Isaiah\Documents\Arduino\Sketches\MMBC_Waterslide_Timer\build/core\core.a(PluggableUSB.cpp.o)
                0x00006384                PluggableUSB_::handleEndpoint(int)
 .text._Z12PluggableUSBv
                0x000063a4       0x24 c:\Users\Isaiah\Documents\Arduino\Sketches\MMBC_Waterslide_Timer\build/core\core.a(PluggableUSB.cpp.o)
                0x000063a4                PluggableUSB()
 .text._ZN20USBDevice_SAMD21G18x5resetEv
                0x000063c8       0x2e c:\Users\Isaiah\Documents\Arduino\Sketches\MMBC_Waterslide_Timer\build/core\core.a(SAMD21_USBDevice.cpp.o)
                0x000063c8                USBDevice_SAMD21G18x::reset()
 *fill*         0x000063f6        0x2 
 .text._ZN20USBDevice_SAMD21G18x9calibrateEv
                0x000063f8       0x60 c:\Users\Isaiah\Documents\Arduino\Sketches\MMBC_Waterslide_Timer\build/core\core.a(SAMD21_USBDevice.cpp.o)
                0x000063f8                USBDevice_SAMD21G18x::calibrate()
 .text.__aeabi_atexit
                0x00006458        0xe c:/users/isaiah/appdata/local/arduino15/packages/seeeduino/tools/arm-none-eabi-gcc/7-2017q4/bin/../lib/gcc/arm-none-eabi/7.2.1/../../../../arm-none-eabi/lib/thumb/v6-m\libstdc++_nano.a(atexit_arm.o)
                0x00006458                __aeabi_atexit
 .text._ZdlPvj  0x00006466        0x8 c:/users/isaiah/appdata/local/arduino15/packages/seeeduino/tools/arm-none-eabi-gcc/7-2017q4/bin/../lib/gcc/arm-none-eabi/7.2.1/../../../../arm-none-eabi/lib/thumb/v6-m\libstdc++_nano.a(del_ops.o)
                0x00006466                operator delete(void*, unsigned int)
 *fill*         0x0000646e        0x2 
 .text          0x00006470       0x14 c:/users/isaiah/appdata/local/arduino15/packages/seeeduino/tools/arm-none-eabi-gcc/7-2017q4/bin/../lib/gcc/arm-none-eabi/7.2.1/thumb/v6-m\libgcc.a(_thumb1_case_uqi.o)
                0x00006470                __gnu_thumb1_case_uqi
 .text          0x00006484      0x114 c:/users/isaiah/appdata/local/arduino15/packages/seeeduino/tools/arm-none-eabi-gcc/7-2017q4/bin/../lib/gcc/arm-none-eabi/7.2.1/thumb/v6-m\libgcc.a(_udivsi3.o)
                0x00006484                __aeabi_uidiv
                0x00006484                __udivsi3
                0x00006590                __aeabi_uidivmod
 .text          0x00006598      0x1d4 c:/users/isaiah/appdata/local/arduino15/packages/seeeduino/tools/arm-none-eabi-gcc/7-2017q4/bin/../lib/gcc/arm-none-eabi/7.2.1/thumb/v6-m\libgcc.a(_divsi3.o)
                0x00006598                __divsi3
                0x00006598                __aeabi_idiv
                0x00006764                __aeabi_idivmod
 .text          0x0000676c        0x4 c:/users/isaiah/appdata/local/arduino15/packages/seeeduino/tools/arm-none-eabi-gcc/7-2017q4/bin/../lib/gcc/arm-none-eabi/7.2.1/thumb/v6-m\libgcc.a(_dvmd_tls.o)
                0x0000676c                __aeabi_idiv0
                0x0000676c                __aeabi_ldiv0
 .text          0x00006770       0x7c c:/users/isaiah/appdata/local/arduino15/packages/seeeduino/tools/arm-none-eabi-gcc/7-2017q4/bin/../lib/gcc/arm-none-eabi/7.2.1/thumb/v6-m\libgcc.a(_arm_cmpdf2.o)
                0x00006770                __aeabi_cdrcmple
                0x00006780                __aeabi_cdcmple
                0x00006780                __aeabi_cdcmpeq
                0x00006790                __aeabi_dcmpeq
                0x0000679c                __aeabi_dcmplt
                0x000067b0                __aeabi_dcmple
                0x000067c4                __aeabi_dcmpgt
                0x000067d8                __aeabi_dcmpge
 .text          0x000067ec       0x3c c:/users/isaiah/appdata/local/arduino15/packages/seeeduino/tools/arm-none-eabi-gcc/7-2017q4/bin/../lib/gcc/arm-none-eabi/7.2.1/thumb/v6-m\libgcc.a(_fixunsdfsi.o)
                0x000067ec                __aeabi_d2uiz
                0x000067ec                __fixunsdfsi
 .text          0x00006828       0x94 c:/users/isaiah/appdata/local/arduino15/packages/seeeduino/tools/arm-none-eabi-gcc/7-2017q4/bin/../lib/gcc/arm-none-eabi/7.2.1/thumb/v6-m\libgcc.a(floatsisf.o)
                0x00006828                __aeabi_i2f
 .text          0x000068bc       0x80 c:/users/isaiah/appdata/local/arduino15/packages/seeeduino/tools/arm-none-eabi-gcc/7-2017q4/bin/../lib/gcc/arm-none-eabi/7.2.1/thumb/v6-m\libgcc.a(floatunsisf.o)
                0x000068bc                __aeabi_ui2f
 .text          0x0000693c      0x638 c:/users/isaiah/appdata/local/arduino15/packages/seeeduino/tools/arm-none-eabi-gcc/7-2017q4/bin/../lib/gcc/arm-none-eabi/7.2.1/thumb/v6-m\libgcc.a(adddf3.o)
                0x0000693c                __aeabi_dadd
 .text          0x00006f74      0x604 c:/users/isaiah/appdata/local/arduino15/packages/seeeduino/tools/arm-none-eabi-gcc/7-2017q4/bin/../lib/gcc/arm-none-eabi/7.2.1/thumb/v6-m\libgcc.a(divdf3.o)
                0x00006f74                __aeabi_ddiv
 .text          0x00007578       0x78 c:/users/isaiah/appdata/local/arduino15/packages/seeeduino/tools/arm-none-eabi-gcc/7-2017q4/bin/../lib/gcc/arm-none-eabi/7.2.1/thumb/v6-m\libgcc.a(eqdf2.o)
                0x00007578                __nedf2
                0x00007578                __eqdf2
 .text          0x000075f0       0xc8 c:/users/isaiah/appdata/local/arduino15/packages/seeeduino/tools/arm-none-eabi-gcc/7-2017q4/bin/../lib/gcc/arm-none-eabi/7.2.1/thumb/v6-m\libgcc.a(gedf2.o)
                0x000075f0                __gedf2
                0x000075f0                __gtdf2
 .text          0x000076b8       0xd0 c:/users/isaiah/appdata/local/arduino15/packages/seeeduino/tools/arm-none-eabi-gcc/7-2017q4/bin/../lib/gcc/arm-none-eabi/7.2.1/thumb/v6-m\libgcc.a(ledf2.o)
                0x000076b8                __ledf2
                0x000076b8                __ltdf2
 .text          0x00007788      0x4e4 c:/users/isaiah/appdata/local/arduino15/packages/seeeduino/tools/arm-none-eabi-gcc/7-2017q4/bin/../lib/gcc/arm-none-eabi/7.2.1/thumb/v6-m\libgcc.a(muldf3.o)
                0x00007788                __aeabi_dmul
 .text          0x00007c6c      0x690 c:/users/isaiah/appdata/local/arduino15/packages/seeeduino/tools/arm-none-eabi-gcc/7-2017q4/bin/../lib/gcc/arm-none-eabi/7.2.1/thumb/v6-m\libgcc.a(subdf3.o)
                0x00007c6c                __aeabi_dsub
 .text          0x000082fc       0x38 c:/users/isaiah/appdata/local/arduino15/packages/seeeduino/tools/arm-none-eabi-gcc/7-2017q4/bin/../lib/gcc/arm-none-eabi/7.2.1/thumb/v6-m\libgcc.a(unorddf2.o)
                0x000082fc                __aeabi_dcmpun
 .text          0x00008334       0x6c c:/users/isaiah/appdata/local/arduino15/packages/seeeduino/tools/arm-none-eabi-gcc/7-2017q4/bin/../lib/gcc/arm-none-eabi/7.2.1/thumb/v6-m\libgcc.a(fixdfsi.o)
                0x00008334                __aeabi_d2iz
 .text          0x000083a0       0x64 c:/users/isaiah/appdata/local/arduino15/packages/seeeduino/tools/arm-none-eabi-gcc/7-2017q4/bin/../lib/gcc/arm-none-eabi/7.2.1/thumb/v6-m\libgcc.a(floatunsidf.o)
                0x000083a0                __aeabi_ui2d
 .text          0x00008404       0xa4 c:/users/isaiah/appdata/local/arduino15/packages/seeeduino/tools/arm-none-eabi-gcc/7-2017q4/bin/../lib/gcc/arm-none-eabi/7.2.1/thumb/v6-m\libgcc.a(extendsfdf2.o)
                0x00008404                __aeabi_f2d
 .text          0x000084a8       0x3c c:/users/isaiah/appdata/local/arduino15/packages/seeeduino/tools/arm-none-eabi-gcc/7-2017q4/bin/../lib/gcc/arm-none-eabi/7.2.1/thumb/v6-m\libgcc.a(_clzsi2.o)
                0x000084a8                __clzsi2
 .text.__assert_func
                0x000084e4       0x3c c:/users/isaiah/appdata/local/arduino15/packages/seeeduino/tools/arm-none-eabi-gcc/7-2017q4/bin/../lib/gcc/arm-none-eabi/7.2.1/../../../../arm-none-eabi/lib/thumb/v6-m\libc_nano.a(lib_a-assert.o)
                0x000084e4                __assert_func
 .text.__cxa_atexit
                0x00008520       0x1c c:/users/isaiah/appdata/local/arduino15/packages/seeeduino/tools/arm-none-eabi-gcc/7-2017q4/bin/../lib/gcc/arm-none-eabi/7.2.1/../../../../arm-none-eabi/lib/thumb/v6-m\libc_nano.a(lib_a-cxa_atexit.o)
                0x00008520                __cxa_atexit
 .text.fprintf  0x0000853c       0x20 c:/users/isaiah/appdata/local/arduino15/packages/seeeduino/tools/arm-none-eabi-gcc/7-2017q4/bin/../lib/gcc/arm-none-eabi/7.2.1/../../../../arm-none-eabi/lib/thumb/v6-m\libc_nano.a(lib_a-fprintf.o)
                0x0000853c                fiprintf
                0x0000853c                fprintf
 .text.__libc_init_array
                0x0000855c       0x48 c:/users/isaiah/appdata/local/arduino15/packages/seeeduino/tools/arm-none-eabi-gcc/7-2017q4/bin/../lib/gcc/arm-none-eabi/7.2.1/../../../../arm-none-eabi/lib/thumb/v6-m\libc_nano.a(lib_a-init.o)
                0x0000855c                __libc_init_array
 .text.malloc   0x000085a4       0x14 c:/users/isaiah/appdata/local/arduino15/packages/seeeduino/tools/arm-none-eabi-gcc/7-2017q4/bin/../lib/gcc/arm-none-eabi/7.2.1/../../../../arm-none-eabi/lib/thumb/v6-m\libc_nano.a(lib_a-malloc.o)
                0x000085a4                malloc
 .text.free     0x000085b8       0x14 c:/users/isaiah/appdata/local/arduino15/packages/seeeduino/tools/arm-none-eabi-gcc/7-2017q4/bin/../lib/gcc/arm-none-eabi/7.2.1/../../../../arm-none-eabi/lib/thumb/v6-m\libc_nano.a(lib_a-malloc.o)
                0x000085b8                free
 .text.memcpy   0x000085cc       0x12 c:/users/isaiah/appdata/local/arduino15/packages/seeeduino/tools/arm-none-eabi-gcc/7-2017q4/bin/../lib/gcc/arm-none-eabi/7.2.1/../../../../arm-none-eabi/lib/thumb/v6-m\libc_nano.a(lib_a-memcpy-stub.o)
                0x000085cc                memcpy
 .text.memset   0x000085de       0x10 c:/users/isaiah/appdata/local/arduino15/packages/seeeduino/tools/arm-none-eabi-gcc/7-2017q4/bin/../lib/gcc/arm-none-eabi/7.2.1/../../../../arm-none-eabi/lib/thumb/v6-m\libc_nano.a(lib_a-memset.o)
                0x000085de                memset
 *fill*         0x000085ee        0x2 
 .text._free_r  0x000085f0       0x94 c:/users/isaiah/appdata/local/arduino15/packages/seeeduino/tools/arm-none-eabi-gcc/7-2017q4/bin/../lib/gcc/arm-none-eabi/7.2.1/../../../../arm-none-eabi/lib/thumb/v6-m\libc_nano.a(lib_a-nano-freer.o)
                0x000085f0                _free_r
 .text._malloc_r
                0x00008684       0xbc c:/users/isaiah/appdata/local/arduino15/packages/seeeduino/tools/arm-none-eabi-gcc/7-2017q4/bin/../lib/gcc/arm-none-eabi/7.2.1/../../../../arm-none-eabi/lib/thumb/v6-m\libc_nano.a(lib_a-nano-mallocr.o)
                0x00008684                _malloc_r
 .text.__sfputc_r
                0x00008740       0x2a c:/users/isaiah/appdata/local/arduino15/packages/seeeduino/tools/arm-none-eabi-gcc/7-2017q4/bin/../lib/gcc/arm-none-eabi/7.2.1/../../../../arm-none-eabi/lib/thumb/v6-m\libc_nano.a(lib_a-nano-vfprintf.o)
 .text.__sfputs_r
                0x0000876a       0x24 c:/users/isaiah/appdata/local/arduino15/packages/seeeduino/tools/arm-none-eabi-gcc/7-2017q4/bin/../lib/gcc/arm-none-eabi/7.2.1/../../../../arm-none-eabi/lib/thumb/v6-m\libc_nano.a(lib_a-nano-vfprintf.o)
                0x0000876a                __sfputs_r
 *fill*         0x0000878e        0x2 
 .text._vfprintf_r
                0x00008790      0x22c c:/users/isaiah/appdata/local/arduino15/packages/seeeduino/tools/arm-none-eabi-gcc/7-2017q4/bin/../lib/gcc/arm-none-eabi/7.2.1/../../../../arm-none-eabi/lib/thumb/v6-m\libc_nano.a(lib_a-nano-vfprintf.o)
                0x00008790                _vfprintf_r
                0x00008790                _vfiprintf_r
 .text.__cvt    0x000089bc       0xc8 c:/users/isaiah/appdata/local/arduino15/packages/seeeduino/tools/arm-none-eabi-gcc/7-2017q4/bin/../lib/gcc/arm-none-eabi/7.2.1/../../../../arm-none-eabi/lib/thumb/v6-m\libc_nano.a(lib_a-nano-vfprintf_float.o)
                0x000089bc                __cvt
 .text.__exponent
                0x00008a84       0x70 c:/users/isaiah/appdata/local/arduino15/packages/seeeduino/tools/arm-none-eabi-gcc/7-2017q4/bin/../lib/gcc/arm-none-eabi/7.2.1/../../../../arm-none-eabi/lib/thumb/v6-m\libc_nano.a(lib_a-nano-vfprintf_float.o)
                0x00008a84                __exponent
 .text._printf_float
                0x00008af4      0x498 c:/users/isaiah/appdata/local/arduino15/packages/seeeduino/tools/arm-none-eabi-gcc/7-2017q4/bin/../lib/gcc/arm-none-eabi/7.2.1/../../../../arm-none-eabi/lib/thumb/v6-m\libc_nano.a(lib_a-nano-vfprintf_float.o)
                0x00008af4                _printf_float
 .text._printf_common
                0x00008f8c       0xda c:/users/isaiah/appdata/local/arduino15/packages/seeeduino/tools/arm-none-eabi-gcc/7-2017q4/bin/../lib/gcc/arm-none-eabi/7.2.1/../../../../arm-none-eabi/lib/thumb/v6-m\libc_nano.a(lib_a-nano-vfprintf_i.o)
                0x00008f8c                _printf_common
 *fill*         0x00009066        0x2 
 .text._printf_i
                0x00009068      0x210 c:/users/isaiah/appdata/local/arduino15/packages/seeeduino/tools/arm-none-eabi-gcc/7-2017q4/bin/../lib/gcc/arm-none-eabi/7.2.1/../../../../arm-none-eabi/lib/thumb/v6-m\libc_nano.a(lib_a-nano-vfprintf_i.o)
                0x00009068                _printf_i
 .text._scanf_float
                0x00009278      0x3fc c:/users/isaiah/appdata/local/arduino15/packages/seeeduino/tools/arm-none-eabi-gcc/7-2017q4/bin/../lib/gcc/arm-none-eabi/7.2.1/../../../../arm-none-eabi/lib/thumb/v6-m\libc_nano.a(lib_a-nano-vfscanf_float.o)
                0x00009278                _scanf_float
 .text._sbrk_r  0x00009674       0x24 c:/users/isaiah/appdata/local/arduino15/packages/seeeduino/tools/arm-none-eabi-gcc/7-2017q4/bin/../lib/gcc/arm-none-eabi/7.2.1/../../../../arm-none-eabi/lib/thumb/v6-m\libc_nano.a(lib_a-sbrkr.o)
                0x00009674                _sbrk_r
 .text.nanf     0x00009698        0x8 c:/users/isaiah/appdata/local/arduino15/packages/seeeduino/tools/arm-none-eabi-gcc/7-2017q4/bin/../lib/gcc/arm-none-eabi/7.2.1/../../../../arm-none-eabi/lib/thumb/v6-m\libc_nano.a(lib_a-sf_nan.o)
                0x00009698                nanf
 .text.sprintf  0x000096a0       0x40 c:/users/isaiah/appdata/local/arduino15/packages/seeeduino/tools/arm-none-eabi-gcc/7-2017q4/bin/../lib/gcc/arm-none-eabi/7.2.1/../../../../arm-none-eabi/lib/thumb/v6-m\libc_nano.a(lib_a-sprintf.o)
                0x000096a0                siprintf
                0x000096a0                sprintf
 .text          0x000096e0        0xe c:/users/isaiah/appdata/local/arduino15/packages/seeeduino/tools/arm-none-eabi-gcc/7-2017q4/bin/../lib/gcc/arm-none-eabi/7.2.1/../../../../arm-none-eabi/lib/thumb/v6-m\libc_nano.a(lib_a-strlen.o)
                0x000096e0                strlen
 *fill*         0x000096ee        0x2 
 .text.unlikely.sulp
                0x000096f0       0x30 c:/users/isaiah/appdata/local/arduino15/packages/seeeduino/tools/arm-none-eabi-gcc/7-2017q4/bin/../lib/gcc/arm-none-eabi/7.2.1/../../../../arm-none-eabi/lib/thumb/v6-m\libc_nano.a(lib_a-strtod.o)
 .text._strtod_l
                0x00009720      0xc50 c:/users/isaiah/appdata/local/arduino15/packages/seeeduino/tools/arm-none-eabi-gcc/7-2017q4/bin/../lib/gcc/arm-none-eabi/7.2.1/../../../../arm-none-eabi/lib/thumb/v6-m\libc_nano.a(lib_a-strtod.o)
                0x00009720                _strtod_l
 .text._strtod_r
                0x0000a370       0x1c c:/users/isaiah/appdata/local/arduino15/packages/seeeduino/tools/arm-none-eabi-gcc/7-2017q4/bin/../lib/gcc/arm-none-eabi/7.2.1/../../../../arm-none-eabi/lib/thumb/v6-m\libc_nano.a(lib_a-strtod.o)
                0x0000a370                _strtod_r
 .text._strtol_l.isra.0
                0x0000a38c      0x104 c:/users/isaiah/appdata/local/arduino15/packages/seeeduino/tools/arm-none-eabi-gcc/7-2017q4/bin/../lib/gcc/arm-none-eabi/7.2.1/../../../../arm-none-eabi/lib/thumb/v6-m\libc_nano.a(lib_a-strtol.o)
 .text._strtol_r
                0x0000a490       0x20 c:/users/isaiah/appdata/local/arduino15/packages/seeeduino/tools/arm-none-eabi-gcc/7-2017q4/bin/../lib/gcc/arm-none-eabi/7.2.1/../../../../arm-none-eabi/lib/thumb/v6-m\libc_nano.a(lib_a-strtol.o)
                0x0000a490                _strtol_r
 .text.__swbuf_r
                0x0000a4b0       0xac c:/users/isaiah/appdata/local/arduino15/packages/seeeduino/tools/arm-none-eabi-gcc/7-2017q4/bin/../lib/gcc/arm-none-eabi/7.2.1/../../../../arm-none-eabi/lib/thumb/v6-m\libc_nano.a(lib_a-wbuf.o)
                0x0000a4b0                __swbuf_r
 .text.__swsetup_r
                0x0000a55c       0xec c:/users/isaiah/appdata/local/arduino15/packages/seeeduino/tools/arm-none-eabi-gcc/7-2017q4/bin/../lib/gcc/arm-none-eabi/7.2.1/../../../../arm-none-eabi/lib/thumb/v6-m\libc_nano.a(lib_a-wsetup.o)
                0x0000a55c                __swsetup_r
 .text.abort    0x0000a648        0xe c:/users/isaiah/appdata/local/arduino15/packages/seeeduino/tools/arm-none-eabi-gcc/7-2017q4/bin/../lib/gcc/arm-none-eabi/7.2.1/../../../../arm-none-eabi/lib/thumb/v6-m\libc_nano.a(lib_a-abort.o)
                0x0000a648                abort
 .text.quorem   0x0000a656      0x10c c:/users/isaiah/appdata/local/arduino15/packages/seeeduino/tools/arm-none-eabi-gcc/7-2017q4/bin/../lib/gcc/arm-none-eabi/7.2.1/../../../../arm-none-eabi/lib/thumb/v6-m\libc_nano.a(lib_a-dtoa.o)
 *fill*         0x0000a762        0x2 
 .text._dtoa_r  0x0000a764      0xbc0 c:/users/isaiah/appdata/local/arduino15/packages/seeeduino/tools/arm-none-eabi-gcc/7-2017q4/bin/../lib/gcc/arm-none-eabi/7.2.1/../../../../arm-none-eabi/lib/thumb/v6-m\libc_nano.a(lib_a-dtoa.o)
                0x0000a764                _dtoa_r
 .text.__sflush_r
                0x0000b324      0x114 c:/users/isaiah/appdata/local/arduino15/packages/seeeduino/tools/arm-none-eabi-gcc/7-2017q4/bin/../lib/gcc/arm-none-eabi/7.2.1/../../../../arm-none-eabi/lib/thumb/v6-m\libc_nano.a(lib_a-fflush.o)
                0x0000b324                __sflush_r
 .text._fflush_r
                0x0000b438       0x58 c:/users/isaiah/appdata/local/arduino15/packages/seeeduino/tools/arm-none-eabi-gcc/7-2017q4/bin/../lib/gcc/arm-none-eabi/7.2.1/../../../../arm-none-eabi/lib/thumb/v6-m\libc_nano.a(lib_a-fflush.o)
                0x0000b438                _fflush_r
 .text.std      0x0000b490       0x48 c:/users/isaiah/appdata/local/arduino15/packages/seeeduino/tools/arm-none-eabi-gcc/7-2017q4/bin/../lib/gcc/arm-none-eabi/7.2.1/../../../../arm-none-eabi/lib/thumb/v6-m\libc_nano.a(lib_a-findfp.o)
 .text._cleanup_r
                0x0000b4d8       0x10 c:/users/isaiah/appdata/local/arduino15/packages/seeeduino/tools/arm-none-eabi-gcc/7-2017q4/bin/../lib/gcc/arm-none-eabi/7.2.1/../../../../arm-none-eabi/lib/thumb/v6-m\libc_nano.a(lib_a-findfp.o)
                0x0000b4d8                _cleanup_r
 .text.__sfmoreglue
                0x0000b4e8       0x2c c:/users/isaiah/appdata/local/arduino15/packages/seeeduino/tools/arm-none-eabi-gcc/7-2017q4/bin/../lib/gcc/arm-none-eabi/7.2.1/../../../../arm-none-eabi/lib/thumb/v6-m\libc_nano.a(lib_a-findfp.o)
                0x0000b4e8                __sfmoreglue
 .text.__sinit  0x0000b514       0x68 c:/users/isaiah/appdata/local/arduino15/packages/seeeduino/tools/arm-none-eabi-gcc/7-2017q4/bin/../lib/gcc/arm-none-eabi/7.2.1/../../../../arm-none-eabi/lib/thumb/v6-m\libc_nano.a(lib_a-findfp.o)
                0x0000b514                __sinit
 .text.__sfp    0x0000b57c       0x7c c:/users/isaiah/appdata/local/arduino15/packages/seeeduino/tools/arm-none-eabi-gcc/7-2017q4/bin/../lib/gcc/arm-none-eabi/7.2.1/../../../../arm-none-eabi/lib/thumb/v6-m\libc_nano.a(lib_a-findfp.o)
                0x0000b57c                __sfp
 .text._fwalk_reent
                0x0000b5f8       0x42 c:/users/isaiah/appdata/local/arduino15/packages/seeeduino/tools/arm-none-eabi-gcc/7-2017q4/bin/../lib/gcc/arm-none-eabi/7.2.1/../../../../arm-none-eabi/lib/thumb/v6-m\libc_nano.a(lib_a-fwalk.o)
                0x0000b5f8                _fwalk_reent
 .text.rshift   0x0000b63a       0x68 c:/users/isaiah/appdata/local/arduino15/packages/seeeduino/tools/arm-none-eabi-gcc/7-2017q4/bin/../lib/gcc/arm-none-eabi/7.2.1/../../../../arm-none-eabi/lib/thumb/v6-m\libc_nano.a(lib_a-gdtoa-gethex.o)
 .text.__hexdig_fun
                0x0000b6a2       0x2a c:/users/isaiah/appdata/local/arduino15/packages/seeeduino/tools/arm-none-eabi-gcc/7-2017q4/bin/../lib/gcc/arm-none-eabi/7.2.1/../../../../arm-none-eabi/lib/thumb/v6-m\libc_nano.a(lib_a-gdtoa-gethex.o)
                0x0000b6a2                __hexdig_fun
 .text.__gethex
                0x0000b6cc      0x456 c:/users/isaiah/appdata/local/arduino15/packages/seeeduino/tools/arm-none-eabi-gcc/7-2017q4/bin/../lib/gcc/arm-none-eabi/7.2.1/../../../../arm-none-eabi/lib/thumb/v6-m\libc_nano.a(lib_a-gdtoa-gethex.o)
                0x0000b6cc                __gethex
 .text.L_shift  0x0000bb22       0x24 c:/users/isaiah/appdata/local/arduino15/packages/seeeduino/tools/arm-none-eabi-gcc/7-2017q4/bin/../lib/gcc/arm-none-eabi/7.2.1/../../../../arm-none-eabi/lib/thumb/v6-m\libc_nano.a(lib_a-gdtoa-hexnan.o)
 .text.__match  0x0000bb46       0x28 c:/users/isaiah/appdata/local/arduino15/packages/seeeduino/tools/arm-none-eabi-gcc/7-2017q4/bin/../lib/gcc/arm-none-eabi/7.2.1/../../../../arm-none-eabi/lib/thumb/v6-m\libc_nano.a(lib_a-gdtoa-hexnan.o)
                0x0000bb46                __match
 .text.__hexnan
                0x0000bb6e      0x12e c:/users/isaiah/appdata/local/arduino15/packages/seeeduino/tools/arm-none-eabi-gcc/7-2017q4/bin/../lib/gcc/arm-none-eabi/7.2.1/../../../../arm-none-eabi/lib/thumb/v6-m\libc_nano.a(lib_a-gdtoa-hexnan.o)
                0x0000bb6e                __hexnan
 .text.__locale_ctype_ptr_l
                0x0000bc9c        0x6 c:/users/isaiah/appdata/local/arduino15/packages/seeeduino/tools/arm-none-eabi-gcc/7-2017q4/bin/../lib/gcc/arm-none-eabi/7.2.1/../../../../arm-none-eabi/lib/thumb/v6-m\libc_nano.a(lib_a-locale.o)
                0x0000bc9c                __locale_ctype_ptr_l
 .text.__localeconv_l
                0x0000bca2        0x4 c:/users/isaiah/appdata/local/arduino15/packages/seeeduino/tools/arm-none-eabi-gcc/7-2017q4/bin/../lib/gcc/arm-none-eabi/7.2.1/../../../../arm-none-eabi/lib/thumb/v6-m\libc_nano.a(lib_a-localeconv.o)
                0x0000bca2                __localeconv_l
 *fill*         0x0000bca6        0x2 
 .text._localeconv_r
                0x0000bca8       0x18 c:/users/isaiah/appdata/local/arduino15/packages/seeeduino/tools/arm-none-eabi-gcc/7-2017q4/bin/../lib/gcc/arm-none-eabi/7.2.1/../../../../arm-none-eabi/lib/thumb/v6-m\libc_nano.a(lib_a-localeconv.o)
                0x0000bca8                _localeconv_r
 .text.__swhatbuf_r
                0x0000bcc0       0x50 c:/users/isaiah/appdata/local/arduino15/packages/seeeduino/tools/arm-none-eabi-gcc/7-2017q4/bin/../lib/gcc/arm-none-eabi/7.2.1/../../../../arm-none-eabi/lib/thumb/v6-m\libc_nano.a(lib_a-makebuf.o)
                0x0000bcc0                __swhatbuf_r
 .text.__smakebuf_r
                0x0000bd10       0x88 c:/users/isaiah/appdata/local/arduino15/packages/seeeduino/tools/arm-none-eabi-gcc/7-2017q4/bin/../lib/gcc/arm-none-eabi/7.2.1/../../../../arm-none-eabi/lib/thumb/v6-m\libc_nano.a(lib_a-makebuf.o)
                0x0000bd10                __smakebuf_r
 .text.__ascii_mbtowc
                0x0000bd98       0x24 c:/users/isaiah/appdata/local/arduino15/packages/seeeduino/tools/arm-none-eabi-gcc/7-2017q4/bin/../lib/gcc/arm-none-eabi/7.2.1/../../../../arm-none-eabi/lib/thumb/v6-m\libc_nano.a(lib_a-mbtowc_r.o)
                0x0000bd98                __ascii_mbtowc
 .text.memchr   0x0000bdbc       0x16 c:/users/isaiah/appdata/local/arduino15/packages/seeeduino/tools/arm-none-eabi-gcc/7-2017q4/bin/../lib/gcc/arm-none-eabi/7.2.1/../../../../arm-none-eabi/lib/thumb/v6-m\libc_nano.a(lib_a-memchr-stub.o)
                0x0000bdbc                memchr
 .text.memmove  0x0000bdd2       0x26 c:/users/isaiah/appdata/local/arduino15/packages/seeeduino/tools/arm-none-eabi-gcc/7-2017q4/bin/../lib/gcc/arm-none-eabi/7.2.1/../../../../arm-none-eabi/lib/thumb/v6-m\libc_nano.a(lib_a-memmove.o)
                0x0000bdd2                memmove
 .text.__malloc_lock
                0x0000bdf8        0x2 c:/users/isaiah/appdata/local/arduino15/packages/seeeduino/tools/arm-none-eabi-gcc/7-2017q4/bin/../lib/gcc/arm-none-eabi/7.2.1/../../../../arm-none-eabi/lib/thumb/v6-m\libc_nano.a(lib_a-mlock.o)
                0x0000bdf8                __malloc_lock
 .text.__malloc_unlock
                0x0000bdfa        0x2 c:/users/isaiah/appdata/local/arduino15/packages/seeeduino/tools/arm-none-eabi-gcc/7-2017q4/bin/../lib/gcc/arm-none-eabi/7.2.1/../../../../arm-none-eabi/lib/thumb/v6-m\libc_nano.a(lib_a-mlock.o)
                0x0000bdfa                __malloc_unlock
 .text._Balloc  0x0000bdfc       0x70 c:/users/isaiah/appdata/local/arduino15/packages/seeeduino/tools/arm-none-eabi-gcc/7-2017q4/bin/../lib/gcc/arm-none-eabi/7.2.1/../../../../arm-none-eabi/lib/thumb/v6-m\libc_nano.a(lib_a-mprec.o)
                0x0000bdfc                _Balloc
 .text._Bfree   0x0000be6c       0x32 c:/users/isaiah/appdata/local/arduino15/packages/seeeduino/tools/arm-none-eabi-gcc/7-2017q4/bin/../lib/gcc/arm-none-eabi/7.2.1/../../../../arm-none-eabi/lib/thumb/v6-m\libc_nano.a(lib_a-mprec.o)
                0x0000be6c                _Bfree
 .text.__multadd
                0x0000be9e       0x7c c:/users/isaiah/appdata/local/arduino15/packages/seeeduino/tools/arm-none-eabi-gcc/7-2017q4/bin/../lib/gcc/arm-none-eabi/7.2.1/../../../../arm-none-eabi/lib/thumb/v6-m\libc_nano.a(lib_a-mprec.o)
                0x0000be9e                __multadd
 .text.__s2b    0x0000bf1a       0x7c c:/users/isaiah/appdata/local/arduino15/packages/seeeduino/tools/arm-none-eabi-gcc/7-2017q4/bin/../lib/gcc/arm-none-eabi/7.2.1/../../../../arm-none-eabi/lib/thumb/v6-m\libc_nano.a(lib_a-mprec.o)
                0x0000bf1a                __s2b
 .text.__hi0bits
                0x0000bf96       0x34 c:/users/isaiah/appdata/local/arduino15/packages/seeeduino/tools/arm-none-eabi-gcc/7-2017q4/bin/../lib/gcc/arm-none-eabi/7.2.1/../../../../arm-none-eabi/lib/thumb/v6-m\libc_nano.a(lib_a-mprec.o)
                0x0000bf96                __hi0bits
 .text.__lo0bits
                0x0000bfca       0x5e c:/users/isaiah/appdata/local/arduino15/packages/seeeduino/tools/arm-none-eabi-gcc/7-2017q4/bin/../lib/gcc/arm-none-eabi/7.2.1/../../../../arm-none-eabi/lib/thumb/v6-m\libc_nano.a(lib_a-mprec.o)
                0x0000bfca                __lo0bits
 .text.__i2b    0x0000c028       0x12 c:/users/isaiah/appdata/local/arduino15/packages/seeeduino/tools/arm-none-eabi-gcc/7-2017q4/bin/../lib/gcc/arm-none-eabi/7.2.1/../../../../arm-none-eabi/lib/thumb/v6-m\libc_nano.a(lib_a-mprec.o)
                0x0000c028                __i2b
 .text.__multiply
                0x0000c03a      0x11e c:/users/isaiah/appdata/local/arduino15/packages/seeeduino/tools/arm-none-eabi-gcc/7-2017q4/bin/../lib/gcc/arm-none-eabi/7.2.1/../../../../arm-none-eabi/lib/thumb/v6-m\libc_nano.a(lib_a-mprec.o)
                0x0000c03a                __multiply
 .text.__pow5mult
                0x0000c158       0xa4 c:/users/isaiah/appdata/local/arduino15/packages/seeeduino/tools/arm-none-eabi-gcc/7-2017q4/bin/../lib/gcc/arm-none-eabi/7.2.1/../../../../arm-none-eabi/lib/thumb/v6-m\libc_nano.a(lib_a-mprec.o)
                0x0000c158                __pow5mult
 .text.__lshift
                0x0000c1fc       0xa4 c:/users/isaiah/appdata/local/arduino15/packages/seeeduino/tools/arm-none-eabi-gcc/7-2017q4/bin/../lib/gcc/arm-none-eabi/7.2.1/../../../../arm-none-eabi/lib/thumb/v6-m\libc_nano.a(lib_a-mprec.o)
                0x0000c1fc                __lshift
 .text.__mcmp   0x0000c2a0       0x34 c:/users/isaiah/appdata/local/arduino15/packages/seeeduino/tools/arm-none-eabi-gcc/7-2017q4/bin/../lib/gcc/arm-none-eabi/7.2.1/../../../../arm-none-eabi/lib/thumb/v6-m\libc_nano.a(lib_a-mprec.o)
                0x0000c2a0                __mcmp
 .text.__mdiff  0x0000c2d4       0xc8 c:/users/isaiah/appdata/local/arduino15/packages/seeeduino/tools/arm-none-eabi-gcc/7-2017q4/bin/../lib/gcc/arm-none-eabi/7.2.1/../../../../arm-none-eabi/lib/thumb/v6-m\libc_nano.a(lib_a-mprec.o)
                0x0000c2d4                __mdiff
 .text.__ulp    0x0000c39c       0x4c c:/users/isaiah/appdata/local/arduino15/packages/seeeduino/tools/arm-none-eabi-gcc/7-2017q4/bin/../lib/gcc/arm-none-eabi/7.2.1/../../../../arm-none-eabi/lib/thumb/v6-m\libc_nano.a(lib_a-mprec.o)
                0x0000c39c                __ulp
 .text.__b2d    0x0000c3e8       0x98 c:/users/isaiah/appdata/local/arduino15/packages/seeeduino/tools/arm-none-eabi-gcc/7-2017q4/bin/../lib/gcc/arm-none-eabi/7.2.1/../../../../arm-none-eabi/lib/thumb/v6-m\libc_nano.a(lib_a-mprec.o)
                0x0000c3e8                __b2d
 .text.__d2b    0x0000c480       0xa8 c:/users/isaiah/appdata/local/arduino15/packages/seeeduino/tools/arm-none-eabi-gcc/7-2017q4/bin/../lib/gcc/arm-none-eabi/7.2.1/../../../../arm-none-eabi/lib/thumb/v6-m\libc_nano.a(lib_a-mprec.o)
                0x0000c480                __d2b
 .text.__ratio  0x0000c528       0x4e c:/users/isaiah/appdata/local/arduino15/packages/seeeduino/tools/arm-none-eabi-gcc/7-2017q4/bin/../lib/gcc/arm-none-eabi/7.2.1/../../../../arm-none-eabi/lib/thumb/v6-m\libc_nano.a(lib_a-mprec.o)
                0x0000c528                __ratio
 .text.__copybits
                0x0000c576       0x2c c:/users/isaiah/appdata/local/arduino15/packages/seeeduino/tools/arm-none-eabi-gcc/7-2017q4/bin/../lib/gcc/arm-none-eabi/7.2.1/../../../../arm-none-eabi/lib/thumb/v6-m\libc_nano.a(lib_a-mprec.o)
                0x0000c576                __copybits
 .text.__any_on